Archive member included to satisfy reference by file (symbol)

e:/myinstall/arm-none-eabi/bin/../lib/gcc/arm-none-eabi/10.3.1/thumb/v7e-m/nofp\libgcc.a(_arm_muldf3.o)
                              CMakeFiles/FOC_test.elf.dir/Core/Src/BLDCMotor.c.obj (__aeabi_dmul)
e:/myinstall/arm-none-eabi/bin/../lib/gcc/arm-none-eabi/10.3.1/thumb/v7e-m/nofp\libgcc.a(_arm_mulsf3.o)
                              CMakeFiles/FOC_test.elf.dir/Core/Src/BLDCMotor.c.obj (__aeabi_fmul)
e:/myinstall/arm-none-eabi/bin/../lib/gcc/arm-none-eabi/10.3.1/thumb/v7e-m/nofp\libgcc.a(_arm_addsubdf3.o)
                              CMakeFiles/FOC_test.elf.dir/Core/Src/BLDCMotor.c.obj (__aeabi_dsub)
e:/myinstall/arm-none-eabi/bin/../lib/gcc/arm-none-eabi/10.3.1/thumb/v7e-m/nofp\libgcc.a(_arm_muldivdf3.o)
                              CMakeFiles/FOC_test.elf.dir/Core/Src/BLDCMotor.c.obj (__aeabi_ddiv)
e:/myinstall/arm-none-eabi/bin/../lib/gcc/arm-none-eabi/10.3.1/thumb/v7e-m/nofp\libgcc.a(_arm_cmpdf2.o)
                              CMakeFiles/FOC_test.elf.dir/Core/Src/BLDCMotor.c.obj (__aeabi_dcmplt)
e:/myinstall/arm-none-eabi/bin/../lib/gcc/arm-none-eabi/10.3.1/thumb/v7e-m/nofp\libgcc.a(_arm_fixdfsi.o)
                              CMakeFiles/FOC_test.elf.dir/Core/Src/foc_utils.c.obj (__aeabi_d2iz)
e:/myinstall/arm-none-eabi/bin/../lib/gcc/arm-none-eabi/10.3.1/thumb/v7e-m/nofp\libgcc.a(_arm_fixunsdfsi.o)
                              CMakeFiles/FOC_test.elf.dir/Core/Src/BLDCMotor.c.obj (__aeabi_d2uiz)
e:/myinstall/arm-none-eabi/bin/../lib/gcc/arm-none-eabi/10.3.1/thumb/v7e-m/nofp\libgcc.a(_arm_truncdfsf2.o)
                              CMakeFiles/FOC_test.elf.dir/Core/Src/BLDCMotor.c.obj (__aeabi_d2f)
e:/myinstall/arm-none-eabi/bin/../lib/gcc/arm-none-eabi/10.3.1/thumb/v7e-m/nofp\libgcc.a(_arm_addsubsf3.o)
                              CMakeFiles/FOC_test.elf.dir/Core/Src/BLDCMotor.c.obj (__aeabi_fsub)
e:/myinstall/arm-none-eabi/bin/../lib/gcc/arm-none-eabi/10.3.1/thumb/v7e-m/nofp\libgcc.a(_arm_muldivsf3.o)
                              CMakeFiles/FOC_test.elf.dir/Core/Src/BLDCMotor.c.obj (__aeabi_fdiv)
e:/myinstall/arm-none-eabi/bin/../lib/gcc/arm-none-eabi/10.3.1/thumb/v7e-m/nofp\libgcc.a(_arm_cmpsf2.o)
                              CMakeFiles/FOC_test.elf.dir/Core/Src/BLDCMotor.c.obj (__aeabi_fcmpeq)
e:/myinstall/arm-none-eabi/bin/../lib/gcc/arm-none-eabi/10.3.1/thumb/v7e-m/nofp\libgcc.a(_arm_fixunssfsi.o)
                              CMakeFiles/FOC_test.elf.dir/Core/Src/BLDCMotor.c.obj (__aeabi_f2uiz)
e:/myinstall/arm-none-eabi/bin/../lib/gcc/arm-none-eabi/10.3.1/thumb/v7e-m/nofp\libgcc.a(_aeabi_uldivmod.o)
                              CMakeFiles/FOC_test.elf.dir/Drivers/STM32G4xx_HAL_Driver/Src/stm32g4xx_hal_uart.c.obj (__aeabi_uldivmod)
e:/myinstall/arm-none-eabi/bin/../lib/gcc/arm-none-eabi/10.3.1/thumb/v7e-m/nofp\libgcc.a(_udivmoddi4.o)
                              e:/myinstall/arm-none-eabi/bin/../lib/gcc/arm-none-eabi/10.3.1/thumb/v7e-m/nofp\libgcc.a(_aeabi_uldivmod.o) (__udivmoddi4)
e:/myinstall/arm-none-eabi/bin/../lib/gcc/arm-none-eabi/10.3.1/thumb/v7e-m/nofp\libgcc.a(_dvmd_tls.o)
                              e:/myinstall/arm-none-eabi/bin/../lib/gcc/arm-none-eabi/10.3.1/thumb/v7e-m/nofp\libgcc.a(_aeabi_uldivmod.o) (__aeabi_ldiv0)
e:/myinstall/arm-none-eabi/bin/../lib/gcc/arm-none-eabi/10.3.1/../../../../arm-none-eabi/lib/thumb/v7e-m/nofp\libg.a(lib_a-errno.o)
                              CMakeFiles/FOC_test.elf.dir/Core/Src/syscalls.c.obj (__errno)
e:/myinstall/arm-none-eabi/bin/../lib/gcc/arm-none-eabi/10.3.1/../../../../arm-none-eabi/lib/thumb/v7e-m/nofp\libg.a(lib_a-exit.o)
                              e:/myinstall/arm-none-eabi/bin/../lib/gcc/arm-none-eabi/10.3.1/../../../../arm-none-eabi/lib/thumb/v7e-m/nofp/crt0.o (exit)
e:/myinstall/arm-none-eabi/bin/../lib/gcc/arm-none-eabi/10.3.1/../../../../arm-none-eabi/lib/thumb/v7e-m/nofp\libg.a(lib_a-impure.o)
                              e:/myinstall/arm-none-eabi/bin/../lib/gcc/arm-none-eabi/10.3.1/../../../../arm-none-eabi/lib/thumb/v7e-m/nofp\libg.a(lib_a-exit.o) (_global_impure_ptr)
e:/myinstall/arm-none-eabi/bin/../lib/gcc/arm-none-eabi/10.3.1/../../../../arm-none-eabi/lib/thumb/v7e-m/nofp\libg.a(lib_a-init.o)
                              e:/myinstall/arm-none-eabi/bin/../lib/gcc/arm-none-eabi/10.3.1/../../../../arm-none-eabi/lib/thumb/v7e-m/nofp/crt0.o (__libc_init_array)
e:/myinstall/arm-none-eabi/bin/../lib/gcc/arm-none-eabi/10.3.1/../../../../arm-none-eabi/lib/thumb/v7e-m/nofp\libg.a(lib_a-memset.o)
                              e:/myinstall/arm-none-eabi/bin/../lib/gcc/arm-none-eabi/10.3.1/../../../../arm-none-eabi/lib/thumb/v7e-m/nofp/crt0.o (memset)
e:/myinstall/arm-none-eabi/bin/../lib/gcc/arm-none-eabi/10.3.1/../../../../arm-none-eabi/lib/thumb/v7e-m/nofp\libg.a(lib_a-strcpy.o)
                              CMakeFiles/FOC_test.elf.dir/Core/Src/stm32g4xx_it.c.obj (strcpy)
[...]
Memory Configuration

Name             Origin             Length             Attributes
RAM              0x20000000         0x00008000         xrw
FLASH            0x08000000         0x00020000         xr
*default*        0x00000000         0xffffffff

Linker script and memory map

LOAD e:/myinstall/arm-none-eabi/bin/../lib/gcc/arm-none-eabi/10.3.1/thumb/v7e-m/nofp/crti.o
LOAD e:/myinstall/arm-none-eabi/bin/../lib/gcc/arm-none-eabi/10.3.1/thumb/v7e-m/nofp/crtbegin.o
LOAD e:/myinstall/arm-none-eabi/bin/../lib/gcc/arm-none-eabi/10.3.1/../../../../arm-none-eabi/lib/thumb/v7e-m/nofp/crt0.o
LOAD CMakeFiles/FOC_test.elf.dir/Core/Src/BLDCMotor.c.obj
LOAD CMakeFiles/FOC_test.elf.dir/Core/Src/FOCMotor.c.obj
LOAD CMakeFiles/FOC_test.elf.dir/Core/Src/adc.c.obj
LOAD CMakeFiles/FOC_test.elf.dir/Core/Src/foc_utils.c.obj
LOAD CMakeFiles/FOC_test.elf.dir/Core/Src/gpio.c.obj
LOAD CMakeFiles/FOC_test.elf.dir/Core/Src/i2c.c.obj
LOAD CMakeFiles/FOC_test.elf.dir/Core/Src/main.c.obj
LOAD CMakeFiles/FOC_test.elf.dir/Core/Src/stm32g4xx_hal_msp.c.obj
LOAD CMakeFiles/FOC_test.elf.dir/Core/Src/stm32g4xx_it.c.obj
LOAD CMakeFiles/FOC_test.elf.dir/Core/Src/syscalls.c.obj
LOAD CMakeFiles/FOC_test.elf.dir/Core/Src/sysmem.c.obj
LOAD CMakeFiles/FOC_test.elf.dir/Core/Src/system_stm32g4xx.c.obj
LOAD CMakeFiles/FOC_test.elf.dir/Core/Src/tim.c.obj
LOAD CMakeFiles/FOC_test.elf.dir/Core/Src/usart.c.obj
LOAD CMakeFiles/FOC_test.elf.dir/Core/Startup/startup_stm32g431cbtx.s.obj
LOAD CMakeFiles/FOC_test.elf.dir/Drivers/STM32G4xx_HAL_Driver/Src/stm32g4xx_hal.c.obj
LOAD CMakeFiles/FOC_test.elf.dir/Drivers/STM32G4xx_HAL_Driver/Src/stm32g4xx_hal_adc.c.obj
LOAD CMakeFiles/FOC_test.elf.dir/Drivers/STM32G4xx_HAL_Driver/Src/stm32g4xx_hal_adc_ex.c.obj
LOAD CMakeFiles/FOC_test.elf.dir/Drivers/STM32G4xx_HAL_Driver/Src/stm32g4xx_hal_cortex.c.obj
LOAD CMakeFiles/FOC_test.elf.dir/Drivers/STM32G4xx_HAL_Driver/Src/stm32g4xx_hal_dma.c.obj
LOAD CMakeFiles/FOC_test.elf.dir/Drivers/STM32G4xx_HAL_Driver/Src/stm32g4xx_hal_dma_ex.c.obj
LOAD CMakeFiles/FOC_test.elf.dir/Drivers/STM32G4xx_HAL_Driver/Src/stm32g4xx_hal_exti.c.obj
LOAD CMakeFiles/FOC_test.elf.dir/Drivers/STM32G4xx_HAL_Driver/Src/stm32g4xx_hal_flash.c.obj
LOAD CMakeFiles/FOC_test.elf.dir/Drivers/STM32G4xx_HAL_Driver/Src/stm32g4xx_hal_flash_ex.c.obj
LOAD CMakeFiles/FOC_test.elf.dir/Drivers/STM32G4xx_HAL_Driver/Src/stm32g4xx_hal_flash_ramfunc.c.obj
LOAD CMakeFiles/FOC_test.elf.dir/Drivers/STM32G4xx_HAL_Driver/Src/stm32g4xx_hal_gpio.c.obj
LOAD CMakeFiles/FOC_test.elf.dir/Drivers/STM32G4xx_HAL_Driver/Src/stm32g4xx_hal_i2c.c.obj
LOAD CMakeFiles/FOC_test.elf.dir/Drivers/STM32G4xx_HAL_Driver/Src/stm32g4xx_hal_i2c_ex.c.obj
LOAD CMakeFiles/FOC_test.elf.dir/Drivers/STM32G4xx_HAL_Driver/Src/stm32g4xx_hal_pcd.c.obj
LOAD CMakeFiles/FOC_test.elf.dir/Drivers/STM32G4xx_HAL_Driver/Src/stm32g4xx_hal_pcd_ex.c.obj
LOAD CMakeFiles/FOC_test.elf.dir/Drivers/STM32G4xx_HAL_Driver/Src/stm32g4xx_hal_pwr.c.obj
LOAD CMakeFiles/FOC_test.elf.dir/Drivers/STM32G4xx_HAL_Driver/Src/stm32g4xx_hal_pwr_ex.c.obj
LOAD CMakeFiles/FOC_test.elf.dir/Drivers/STM32G4xx_HAL_Driver/Src/stm32g4xx_hal_rcc.c.obj
LOAD CMakeFiles/FOC_test.elf.dir/Drivers/STM32G4xx_HAL_Driver/Src/stm32g4xx_hal_rcc_ex.c.obj
LOAD CMakeFiles/FOC_test.elf.dir/Drivers/STM32G4xx_HAL_Driver/Src/stm32g4xx_hal_tim.c.obj
LOAD CMakeFiles/FOC_test.elf.dir/Drivers/STM32G4xx_HAL_Driver/Src/stm32g4xx_hal_tim_ex.c.obj
LOAD CMakeFiles/FOC_test.elf.dir/Drivers/STM32G4xx_HAL_Driver/Src/stm32g4xx_hal_uart.c.obj
LOAD CMakeFiles/FOC_test.elf.dir/Drivers/STM32G4xx_HAL_Driver/Src/stm32g4xx_hal_uart_ex.c.obj
LOAD CMakeFiles/FOC_test.elf.dir/Drivers/STM32G4xx_HAL_Driver/Src/stm32g4xx_ll_adc.c.obj
LOAD CMakeFiles/FOC_test.elf.dir/Drivers/STM32G4xx_HAL_Driver/Src/stm32g4xx_ll_usb.c.obj
LOAD CMakeFiles/FOC_test.elf.dir/Middlewares/ST/STM32_USB_Device_Library/Class/CDC/Src/usbd_cdc.c.obj
LOAD CMakeFiles/FOC_test.elf.dir/Middlewares/ST/STM32_USB_Device_Library/Core/Src/usbd_core.c.obj
LOAD CMakeFiles/FOC_test.elf.dir/Middlewares/ST/STM32_USB_Device_Library/Core/Src/usbd_ctlreq.c.obj
LOAD CMakeFiles/FOC_test.elf.dir/Middlewares/ST/STM32_USB_Device_Library/Core/Src/usbd_ioreq.c.obj
LOAD CMakeFiles/FOC_test.elf.dir/USB_Device/App/usb_device.c.obj
LOAD CMakeFiles/FOC_test.elf.dir/USB_Device/App/usbd_cdc_if.c.obj
LOAD CMakeFiles/FOC_test.elf.dir/USB_Device/App/usbd_desc.c.obj
LOAD CMakeFiles/FOC_test.elf.dir/USB_Device/Target/usbd_conf.c.obj
START GROUP
LOAD e:/myinstall/arm-none-eabi/bin/../lib/gcc/arm-none-eabi/10.3.1/thumb/v7e-m/nofp\libgcc.a
LOAD e:/myinstall/arm-none-eabi/bin/../lib/gcc/arm-none-eabi/10.3.1/../../../../arm-none-eabi/lib/thumb/v7e-m/nofp\libg.a
LOAD e:/myinstall/arm-none-eabi/bin/../lib/gcc/arm-none-eabi/10.3.1/../../../../arm-none-eabi/lib/thumb/v7e-m/nofp\libc.a
END GROUP
LOAD e:/myinstall/arm-none-eabi/bin/../lib/gcc/arm-none-eabi/10.3.1/thumb/v7e-m/nofp/crtend.o
LOAD e:/myinstall/arm-none-eabi/bin/../lib/gcc/arm-none-eabi/10.3.1/thumb/v7e-m/nofp/crtn.o
                0x20008000                _estack = (ORIGIN (RAM) + LENGTH (RAM))
                0x00000200                _Min_Heap_Size = 0x200
                0x00000400                _Min_Stack_Size = 0x400

.isr_vector     0x08000000      0x1d8
                0x08000000                . = ALIGN (0x4)
 *(.isr_vector)
 .isr_vector    0x08000000      0x1d8 CMakeFiles/FOC_test.elf.dir/Core/Startup/startup_stm32g431cbtx.s.obj
                0x08000000                g_pfnVectors
                0x080001d8                . = ALIGN (0x4)

.text           0x080001d8     0x9484
                0x080001d8                . = ALIGN (0x4)
 *(.text)
 .text          0x080001d8       0x40 e:/myinstall/arm-none-eabi/bin/../lib/gcc/arm-none-eabi/10.3.1/thumb/v7e-m/nofp/crtbegin.o
 .text          0x08000218      0x378 e:/myinstall/arm-none-eabi/bin/../lib/gcc/arm-none-eabi/10.3.1/thumb/v7e-m/nofp\libgcc.a(_arm_addsubdf3.o)
                0x08000218                __aeabi_drsub
                0x08000220                __aeabi_dsub
                0x08000220                __subdf3
                0x08000224                __aeabi_dadd
                0x08000224                __adddf3
                0x0800049c                __floatunsidf
                0x0800049c                __aeabi_ui2d
                0x080004bc                __floatsidf
                0x080004bc                __aeabi_i2d
                0x080004e0                __aeabi_f2d
                0x080004e0                __extendsfdf2
                0x08000524                __floatundidf
                0x08000524                __aeabi_ul2d
                0x08000534                __floatdidf
                0x08000534                __aeabi_l2d
 .text          0x08000590      0x424 e:/myinstall/arm-none-eabi/bin/../lib/gcc/arm-none-eabi/10.3.1/thumb/v7e-m/nofp\libgcc.a(_arm_muldivdf3.o)
                0x08000590                __aeabi_dmul
                0x08000590                __muldf3
                0x080007e4                __divdf3
                0x080007e4                __aeabi_ddiv
 .text          0x080009b4      0x110 e:/myinstall/arm-none-eabi/bin/../lib/gcc/arm-none-eabi/10.3.1/thumb/v7e-m/nofp\libgcc.a(_arm_cmpdf2.o)
                0x080009b4                __gtdf2
                0x080009b4                __gedf2
                0x080009bc                __ltdf2
                0x080009bc                __ledf2
                0x080009c4                __nedf2
                0x080009c4                __eqdf2
                0x080009c4                __cmpdf2
                0x08000a40                __aeabi_cdrcmple
                0x08000a50                __aeabi_cdcmpeq
                0x08000a50                __aeabi_cdcmple
                0x08000a60                __aeabi_dcmpeq
                0x08000a74                __aeabi_dcmplt
                0x08000a88                __aeabi_dcmple
                0x08000a9c                __aeabi_dcmpge
                0x08000ab0                __aeabi_dcmpgt
 .text          0x08000ac4       0x50 e:/myinstall/arm-none-eabi/bin/../lib/gcc/arm-none-eabi/10.3.1/thumb/v7e-m/nofp\libgcc.a(_arm_fixdfsi.o)
                0x08000ac4                __aeabi_d2iz
                0x08000ac4                __fixdfsi
 .text          0x08000b14       0x40 e:/myinstall/arm-none-eabi/bin/../lib/gcc/arm-none-eabi/10.3.1/thumb/v7e-m/nofp\libgcc.a(_arm_fixunsdfsi.o)
                0x08000b14                __aeabi_d2uiz
                0x08000b14                __fixunsdfsi
 .text          0x08000b54       0xa0 e:/myinstall/arm-none-eabi/bin/../lib/gcc/arm-none-eabi/10.3.1/thumb/v7e-m/nofp\libgcc.a(_arm_truncdfsf2.o)
                0x08000b54                __truncdfsf2
                0x08000b54                __aeabi_d2f
 .text          0x08000bf4      0x21c e:/myinstall/arm-none-eabi/bin/../lib/gcc/arm-none-eabi/10.3.1/thumb/v7e-m/nofp\libgcc.a(_arm_addsubsf3.o)
                0x08000bf4                __aeabi_frsub
                0x08000bfc                __subsf3
                0x08000bfc                __aeabi_fsub
                0x08000c00                __aeabi_fadd
                0x08000c00                __addsf3
                0x08000d60                __aeabi_ui2f
                0x08000d60                __floatunsisf
                0x08000d68                __aeabi_i2f
                0x08000d68                __floatsisf
                0x08000d84                __aeabi_ul2f
                0x08000d84                __floatundisf
                0x08000d94                __aeabi_l2f
                0x08000d94                __floatdisf
 .text          0x08000e10      0x2a0 e:/myinstall/arm-none-eabi/bin/../lib/gcc/arm-none-eabi/10.3.1/thumb/v7e-m/nofp\libgcc.a(_arm_muldivsf3.o)
                0x08000e10                __mulsf3
                0x08000e10                __aeabi_fmul
                0x08000f78                __aeabi_fdiv
                0x08000f78                __divsf3
 .text          0x080010b0       0xec e:/myinstall/arm-none-eabi/bin/../lib/gcc/arm-none-eabi/10.3.1/thumb/v7e-m/nofp\libgcc.a(_arm_cmpsf2.o)
                0x080010b0                __gesf2
                0x080010b0                __gtsf2
                0x080010b8                __lesf2
                0x080010b8                __ltsf2
                0x080010c0                __nesf2
                0x080010c0                __eqsf2
                0x080010c0                __cmpsf2
                0x08001120                __aeabi_cfrcmple
                0x08001128                __aeabi_cfcmpeq
                0x08001128                __aeabi_cfcmple
                0x08001138                __aeabi_fcmpeq
                0x0800114c                __aeabi_fcmplt
                0x08001160                __aeabi_fcmple
                0x08001174                __aeabi_fcmpge
                0x08001188                __aeabi_fcmpgt
 .text          0x0800119c       0x40 e:/myinstall/arm-none-eabi/bin/../lib/gcc/arm-none-eabi/10.3.1/thumb/v7e-m/nofp\libgcc.a(_arm_fixunssfsi.o)
                0x0800119c                __fixunssfsi
                0x0800119c                __aeabi_f2uiz
 .text          0x080011dc       0x30 e:/myinstall/arm-none-eabi/bin/../lib/gcc/arm-none-eabi/10.3.1/thumb/v7e-m/nofp\libgcc.a(_aeabi_uldivmod.o)
                0x080011dc                __aeabi_uldivmod
 .text          0x0800120c      0x2d0 e:/myinstall/arm-none-eabi/bin/../lib/gcc/arm-none-eabi/10.3.1/thumb/v7e-m/nofp\libgcc.a(_udivmoddi4.o)
                0x0800120c                __udivmoddi4
 .text          0x080014dc        0x4 e:/myinstall/arm-none-eabi/bin/../lib/gcc/arm-none-eabi/10.3.1/thumb/v7e-m/nofp\libgcc.a(_dvmd_tls.o)
                0x080014dc                __aeabi_idiv0
                0x080014dc                __aeabi_ldiv0
 .text          0x080014e0       0x2c e:/myinstall/arm-none-eabi/bin/../lib/gcc/arm-none-eabi/10.3.1/thumb/v7e-m/nofp\libgcc.a(_arm_unorddf2.o)
                0x080014e0                __unorddf2
                0x080014e0                __aeabi_dcmpun
 *(.text*)
 *fill*         0x0800150c        0x4 
 .text.setPhaseVoltage
                0x08001510      0x318 CMakeFiles/FOC_test.elf.dir/Core/Src/BLDCMotor.c.obj
                0x08001510                setPhaseVoltage
 .text.velocityOpenloop
                0x08001828       0xd0 CMakeFiles/FOC_test.elf.dir/Core/Src/BLDCMotor.c.obj
                0x08001828                velocityOpenloop
 .text.angleOpenloop
                0x080018f8      0x130 CMakeFiles/FOC_test.elf.dir/Core/Src/BLDCMotor.c.obj
                0x080018f8                angleOpenloop
 .text.move     0x08001a28       0x44 CMakeFiles/FOC_test.elf.dir/Core/Src/BLDCMotor.c.obj
                0x08001a28                move
 .text.MX_ADC1_Init
                0x08001a6c       0xa0 CMakeFiles/FOC_test.elf.dir/Core/Src/adc.c.obj
                0x08001a6c                MX_ADC1_Init
 .text.MX_ADC2_Init
                0x08001b0c       0x88 CMakeFiles/FOC_test.elf.dir/Core/Src/adc.c.obj
                0x08001b0c                MX_ADC2_Init
 .text.HAL_ADC_MspInit
                0x08001b94      0x108 CMakeFiles/FOC_test.elf.dir/Core/Src/adc.c.obj
                0x08001b94                HAL_ADC_MspInit
 *fill*         0x08001c9c        0x4 
 .text._sin     0x08001ca0      0x1f0 CMakeFiles/FOC_test.elf.dir/Core/Src/foc_utils.c.obj
                0x08001ca0                _sin
 .text._normalizeAngle
                0x08001e90       0x48 CMakeFiles/FOC_test.elf.dir/Core/Src/foc_utils.c.obj
                0x08001e90                _normalizeAngle
 .text._electricalAngle
                0x08001ed8       0x12 CMakeFiles/FOC_test.elf.dir/Core/Src/foc_utils.c.obj
                0x08001ed8                _electricalAngle
 *fill*         0x08001eea        0x2 
 .text._sqrtApprox
                0x08001eec       0x14 CMakeFiles/FOC_test.elf.dir/Core/Src/foc_utils.c.obj
                0x08001eec                _sqrtApprox
 .text.MX_GPIO_Init
                0x08001f00       0xb4 CMakeFiles/FOC_test.elf.dir/Core/Src/gpio.c.obj
                0x08001f00                MX_GPIO_Init
 .text.MX_I2C1_Init
                0x08001fb4       0x58 CMakeFiles/FOC_test.elf.dir/Core/Src/i2c.c.obj
                0x08001fb4                MX_I2C1_Init
 .text.HAL_I2C_MspInit
                0x0800200c       0xb4 CMakeFiles/FOC_test.elf.dir/Core/Src/i2c.c.obj
                0x0800200c                HAL_I2C_MspInit
 .text.Error_Handler
                0x080020c0        0x4 CMakeFiles/FOC_test.elf.dir/Core/Src/main.c.obj
                0x080020c0                Error_Handler
 .text.SystemClock_Config
                0x080020c4       0x70 CMakeFiles/FOC_test.elf.dir/Core/Src/main.c.obj
                0x080020c4                SystemClock_Config
 .text.main     0x08002134       0xb0 CMakeFiles/FOC_test.elf.dir/Core/Src/main.c.obj
                0x08002134                main
 .text.HAL_MspInit
                0x080021e4       0x38 CMakeFiles/FOC_test.elf.dir/Core/Src/stm32g4xx_hal_msp.c.obj
                0x080021e4                HAL_MspInit
 .text.NMI_Handler
                0x0800221c        0x2 CMakeFiles/FOC_test.elf.dir/Core/Src/stm32g4xx_it.c.obj
                0x0800221c                NMI_Handler
 .text.HardFault_Handler
                0x0800221e        0x2 CMakeFiles/FOC_test.elf.dir/Core/Src/stm32g4xx_it.c.obj
                0x0800221e                HardFault_Handler
 .text.MemManage_Handler
                0x08002220        0x2 CMakeFiles/FOC_test.elf.dir/Core/Src/stm32g4xx_it.c.obj
                0x08002220                MemManage_Handler
 .text.BusFault_Handler
                0x08002222        0x2 CMakeFiles/FOC_test.elf.dir/Core/Src/stm32g4xx_it.c.obj
                0x08002222                BusFault_Handler
 .text.UsageFault_Handler
                0x08002224        0x2 CMakeFiles/FOC_test.elf.dir/Core/Src/stm32g4xx_it.c.obj
                0x08002224                UsageFault_Handler
 .text.SVC_Handler
                0x08002226        0x2 CMakeFiles/FOC_test.elf.dir/Core/Src/stm32g4xx_it.c.obj
                0x08002226                SVC_Handler
 .text.DebugMon_Handler
                0x08002228        0x2 CMakeFiles/FOC_test.elf.dir/Core/Src/stm32g4xx_it.c.obj
                0x08002228                DebugMon_Handler
 .text.PendSV_Handler
                0x0800222a        0x2 CMakeFiles/FOC_test.elf.dir/Core/Src/stm32g4xx_it.c.obj
                0x0800222a                PendSV_Handler
 .text.SysTick_Handler
                0x0800222c        0x8 CMakeFiles/FOC_test.elf.dir/Core/Src/stm32g4xx_it.c.obj
                0x0800222c                SysTick_Handler
 .text.USB_LP_IRQHandler
                0x08002234       0x10 CMakeFiles/FOC_test.elf.dir/Core/Src/stm32g4xx_it.c.obj
                0x08002234                USB_LP_IRQHandler
 .text.USART3_IRQHandler
                0x08002244       0x60 CMakeFiles/FOC_test.elf.dir/Core/Src/stm32g4xx_it.c.obj
                0x08002244                USART3_IRQHandler
 .text.SystemInit
                0x080022a4        0x2 CMakeFiles/FOC_test.elf.dir/Core/Src/system_stm32g4xx.c.obj
                0x080022a4                SystemInit
 *fill*         0x080022a6        0x2 
 .text.HAL_TIM_Base_MspInit
                0x080022a8       0x2c CMakeFiles/FOC_test.elf.dir/Core/Src/tim.c.obj
                0x080022a8                HAL_TIM_Base_MspInit
 .text.HAL_TIM_MspPostInit
                0x080022d4       0x7c CMakeFiles/FOC_test.elf.dir/Core/Src/tim.c.obj
                0x080022d4                HAL_TIM_MspPostInit
 .text.MX_TIM1_Init
                0x08002350      0x128 CMakeFiles/FOC_test.elf.dir/Core/Src/tim.c.obj
                0x08002350                MX_TIM1_Init
 .text.MX_USART3_UART_Init
                0x08002478       0x68 CMakeFiles/FOC_test.elf.dir/Core/Src/usart.c.obj
                0x08002478                MX_USART3_UART_Init
 .text.HAL_UART_MspInit
                0x080024e0       0x98 CMakeFiles/FOC_test.elf.dir/Core/Src/usart.c.obj
                0x080024e0                HAL_UART_MspInit
 .text.Reset_Handler
                0x08002578       0x50 CMakeFiles/FOC_test.elf.dir/Core/Startup/startup_stm32g431cbtx.s.obj
                0x08002578                Reset_Handler
 .text.Default_Handler
                0x080025c8        0x2 CMakeFiles/FOC_test.elf.dir/Core/Startup/startup_stm32g431cbtx.s.obj
                0x080025c8                RTC_Alarm_IRQHandler
                0x080025c8                EXTI2_IRQHandler
                0x080025c8                TIM8_TRG_COM_IRQHandler
                0x080025c8                TIM8_CC_IRQHandler
                0x080025c8                TIM1_CC_IRQHandler
                0x080025c8                USB_HP_IRQHandler
                0x080025c8                CORDIC_IRQHandler
                0x080025c8                EXTI3_IRQHandler
                0x080025c8                I2C3_ER_IRQHandler
                0x080025c8                EXTI0_IRQHandler
                0x080025c8                I2C2_EV_IRQHandler
                0x080025c8                FPU_IRQHandler
                0x080025c8                FDCAN1_IT1_IRQHandler
                0x080025c8                TIM1_UP_TIM16_IRQHandler
                0x080025c8                ADC1_2_IRQHandler
                0x080025c8                SPI1_IRQHandler
                0x080025c8                TIM6_DAC_IRQHandler
                0x080025c8                TIM8_UP_IRQHandler
                0x080025c8                DMA2_Channel2_IRQHandler
                0x080025c8                DMA1_Channel4_IRQHandler
                0x080025c8                TIM4_IRQHandler
                0x080025c8                DMA2_Channel1_IRQHandler
                0x080025c8                I2C1_EV_IRQHandler
                0x080025c8                DMA1_Channel6_IRQHandler
                0x080025c8                UART4_IRQHandler
                0x080025c8                DMA2_Channel4_IRQHandler
                0x080025c8                TIM3_IRQHandler
                0x080025c8                RCC_IRQHandler
                0x080025c8                DMA1_Channel1_IRQHandler
                0x080025c8                Default_Handler
                0x080025c8                RTC_TAMP_LSECSS_IRQHandler
                0x080025c8                FMAC_IRQHandler
                0x080025c8                EXTI15_10_IRQHandler
                0x080025c8                TIM7_IRQHandler
                0x080025c8                UCPD1_IRQHandler
                0x080025c8                I2C3_EV_IRQHandler
                0x080025c8                EXTI9_5_IRQHandler
                0x080025c8                RTC_WKUP_IRQHandler
                0x080025c8                PVD_PVM_IRQHandler
                0x080025c8                SPI2_IRQHandler
                0x080025c8                DMA2_Channel5_IRQHandler
                0x080025c8                CRS_IRQHandler
                0x080025c8                DMA1_Channel5_IRQHandler
                0x080025c8                EXTI4_IRQHandler
                0x080025c8                RNG_IRQHandler
                0x080025c8                TIM1_TRG_COM_TIM17_IRQHandler
                0x080025c8                DMA1_Channel3_IRQHandler
                0x080025c8                WWDG_IRQHandler
                0x080025c8                LPUART1_IRQHandler
                0x080025c8                DMA2_Channel6_IRQHandler
                0x080025c8                FDCAN1_IT0_IRQHandler
                0x080025c8                TIM2_IRQHandler
                0x080025c8                COMP1_2_3_IRQHandler
                0x080025c8                EXTI1_IRQHandler
                0x080025c8                USART2_IRQHandler
                0x080025c8                I2C2_ER_IRQHandler
                0x080025c8                DMA1_Channel2_IRQHandler
                0x080025c8                TIM8_BRK_IRQHandler
                0x080025c8                FLASH_IRQHandler
                0x080025c8                USART1_IRQHandler
                0x080025c8                SPI3_IRQHandler
                0x080025c8                I2C1_ER_IRQHandler
                0x080025c8                LPTIM1_IRQHandler
                0x080025c8                DMAMUX_OVR_IRQHandler
                0x080025c8                USBWakeUp_IRQHandler
                0x080025c8                SAI1_IRQHandler
                0x080025c8                DMA2_Channel3_IRQHandler
                0x080025c8                COMP4_IRQHandler
                0x080025c8                TIM1_BRK_TIM15_IRQHandler
 *fill*         0x080025ca        0x2 
 .text.HAL_InitTick
                0x080025cc       0x50 CMakeFiles/FOC_test.elf.dir/Drivers/STM32G4xx_HAL_Driver/Src/stm32g4xx_hal.c.obj
                0x080025cc                HAL_InitTick
 .text.HAL_Init
                0x0800261c       0x1e CMakeFiles/FOC_test.elf.dir/Drivers/STM32G4xx_HAL_Driver/Src/stm32g4xx_hal.c.obj
                0x0800261c                HAL_Init
 *fill*         0x0800263a        0x2 
 .text.HAL_IncTick
                0x0800263c       0x18 CMakeFiles/FOC_test.elf.dir/Drivers/STM32G4xx_HAL_Driver/Src/stm32g4xx_hal.c.obj
                0x0800263c                HAL_IncTick
 .text.HAL_GetTick
                0x08002654        0xc CMakeFiles/FOC_test.elf.dir/Drivers/STM32G4xx_HAL_Driver/Src/stm32g4xx_hal.c.obj
                0x08002654                HAL_GetTick
 .text.HAL_ADC_Init
                0x08002660      0x240 CMakeFiles/FOC_test.elf.dir/Drivers/STM32G4xx_HAL_Driver/Src/stm32g4xx_hal_adc.c.obj
                0x08002660                HAL_ADC_Init
 .text.HAL_ADC_ConfigChannel
                0x080028a0      0x4e4 CMakeFiles/FOC_test.elf.dir/Drivers/STM32G4xx_HAL_Driver/Src/stm32g4xx_hal_adc.c.obj
                0x080028a0                HAL_ADC_ConfigChannel
 .text.HAL_ADCEx_MultiModeConfigChannel
                0x08002d84      0x114 CMakeFiles/FOC_test.elf.dir/Drivers/STM32G4xx_HAL_Driver/Src/stm32g4xx_hal_adc_ex.c.obj
                0x08002d84                HAL_ADCEx_MultiModeConfigChannel
 .text.HAL_NVIC_SetPriorityGrouping
                0x08002e98       0x24 CMakeFiles/FOC_test.elf.dir/Drivers/STM32G4xx_HAL_Driver/Src/stm32g4xx_hal_cortex.c.obj
                0x08002e98                HAL_NVIC_SetPriorityGrouping
 .text.HAL_NVIC_SetPriority
                0x08002ebc       0x70 CMakeFiles/FOC_test.elf.dir/Drivers/STM32G4xx_HAL_Driver/Src/stm32g4xx_hal_cortex.c.obj
                0x08002ebc                HAL_NVIC_SetPriority
 .text.HAL_NVIC_EnableIRQ
                0x08002f2c       0x1c CMakeFiles/FOC_test.elf.dir/Drivers/STM32G4xx_HAL_Driver/Src/stm32g4xx_hal_cortex.c.obj
                0x08002f2c                HAL_NVIC_EnableIRQ
 .text.HAL_SYSTICK_Config
                0x08002f48       0x28 CMakeFiles/FOC_test.elf.dir/Drivers/STM32G4xx_HAL_Driver/Src/stm32g4xx_hal_cortex.c.obj
                0x08002f48                HAL_SYSTICK_Config
 .text.HAL_DMA_Abort
                0x08002f70       0x6c CMakeFiles/FOC_test.elf.dir/Drivers/STM32G4xx_HAL_Driver/Src/stm32g4xx_hal_dma.c.obj
                0x08002f70                HAL_DMA_Abort
 .text.HAL_DMA_Abort_IT
                0x08002fdc       0x7e CMakeFiles/FOC_test.elf.dir/Drivers/STM32G4xx_HAL_Driver/Src/stm32g4xx_hal_dma.c.obj
                0x08002fdc                HAL_DMA_Abort_IT
 *fill*         0x0800305a        0x2 
 .text.HAL_GPIO_Init
                0x0800305c      0x1dc CMakeFiles/FOC_test.elf.dir/Drivers/STM32G4xx_HAL_Driver/Src/stm32g4xx_hal_gpio.c.obj
                0x0800305c                HAL_GPIO_Init
 .text.HAL_GPIO_WritePin
                0x08003238        0xa CMakeFiles/FOC_test.elf.dir/Drivers/STM32G4xx_HAL_Driver/Src/stm32g4xx_hal_gpio.c.obj
                0x08003238                HAL_GPIO_WritePin
 .text.HAL_I2C_Init
                0x08003242       0xbc CMakeFiles/FOC_test.elf.dir/Drivers/STM32G4xx_HAL_Driver/Src/stm32g4xx_hal_i2c.c.obj
                0x08003242                HAL_I2C_Init
 .text.HAL_I2CEx_ConfigAnalogFilter
                0x080032fe       0x5c CMakeFiles/FOC_test.elf.dir/Drivers/STM32G4xx_HAL_Driver/Src/stm32g4xx_hal_i2c_ex.c.obj
                0x080032fe                HAL_I2CEx_ConfigAnalogFilter
 .text.HAL_I2CEx_ConfigDigitalFilter
                0x0800335a       0x58 CMakeFiles/FOC_test.elf.dir/Drivers/STM32G4xx_HAL_Driver/Src/stm32g4xx_hal_i2c_ex.c.obj
                0x0800335a                HAL_I2CEx_ConfigDigitalFilter
 .text.HAL_PCD_EP_DB_Receive
                0x080033b2      0x118 CMakeFiles/FOC_test.elf.dir/Drivers/STM32G4xx_HAL_Driver/Src/stm32g4xx_hal_pcd.c.obj
 .text.HAL_PCD_Init
                0x080034ca       0xe4 CMakeFiles/FOC_test.elf.dir/Drivers/STM32G4xx_HAL_Driver/Src/stm32g4xx_hal_pcd.c.obj
                0x080034ca                HAL_PCD_Init
 .text.HAL_PCD_Start
                0x080035ae       0x2a CMakeFiles/FOC_test.elf.dir/Drivers/STM32G4xx_HAL_Driver/Src/stm32g4xx_hal_pcd.c.obj
                0x080035ae                HAL_PCD_Start
 .text.HAL_PCD_EP_DB_Transmit
                0x080035d8      0x410 CMakeFiles/FOC_test.elf.dir/Drivers/STM32G4xx_HAL_Driver/Src/stm32g4xx_hal_pcd.c.obj
 .text.PCD_EP_ISR_Handler
                0x080039e8      0x50e CMakeFiles/FOC_test.elf.dir/Drivers/STM32G4xx_HAL_Driver/Src/stm32g4xx_hal_pcd.c.obj
 .text.HAL_PCD_SetAddress
                0x08003ef6       0x28 CMakeFiles/FOC_test.elf.dir/Drivers/STM32G4xx_HAL_Driver/Src/stm32g4xx_hal_pcd.c.obj
                0x08003ef6                HAL_PCD_SetAddress
 .text.HAL_PCD_IRQHandler
                0x08003f1e      0x1b2 CMakeFiles/FOC_test.elf.dir/Drivers/STM32G4xx_HAL_Driver/Src/stm32g4xx_hal_pcd.c.obj
                0x08003f1e                HAL_PCD_IRQHandler
 .text.HAL_PCD_EP_Open
                0x080040d0       0x84 CMakeFiles/FOC_test.elf.dir/Drivers/STM32G4xx_HAL_Driver/Src/stm32g4xx_hal_pcd.c.obj
                0x080040d0                HAL_PCD_EP_Open
 .text.HAL_PCD_EP_Close
                0x08004154       0x64 CMakeFiles/FOC_test.elf.dir/Drivers/STM32G4xx_HAL_Driver/Src/stm32g4xx_hal_pcd.c.obj
                0x08004154                HAL_PCD_EP_Close
 .text.HAL_PCD_EP_Receive
                0x080041b8       0x44 CMakeFiles/FOC_test.elf.dir/Drivers/STM32G4xx_HAL_Driver/Src/stm32g4xx_hal_pcd.c.obj
                0x080041b8                HAL_PCD_EP_Receive
 .text.HAL_PCD_EP_GetRxCount
                0x080041fc       0x12 CMakeFiles/FOC_test.elf.dir/Drivers/STM32G4xx_HAL_Driver/Src/stm32g4xx_hal_pcd.c.obj
                0x080041fc                HAL_PCD_EP_GetRxCount
 .text.HAL_PCD_EP_Transmit
                0x0800420e       0x50 CMakeFiles/FOC_test.elf.dir/Drivers/STM32G4xx_HAL_Driver/Src/stm32g4xx_hal_pcd.c.obj
                0x0800420e                HAL_PCD_EP_Transmit
 .text.HAL_PCD_EP_SetStall
                0x0800425e       0x6a CMakeFiles/FOC_test.elf.dir/Drivers/STM32G4xx_HAL_Driver/Src/stm32g4xx_hal_pcd.c.obj
                0x0800425e                HAL_PCD_EP_SetStall
 .text.HAL_PCD_EP_ClrStall
                0x080042c8       0x76 CMakeFiles/FOC_test.elf.dir/Drivers/STM32G4xx_HAL_Driver/Src/stm32g4xx_hal_pcd.c.obj
                0x080042c8                HAL_PCD_EP_ClrStall
 .text.HAL_PCDEx_PMAConfig
                0x0800433e       0x38 CMakeFiles/FOC_test.elf.dir/Drivers/STM32G4xx_HAL_Driver/Src/stm32g4xx_hal_pcd_ex.c.obj
                0x0800433e                HAL_PCDEx_PMAConfig
 .text.HAL_PCDEx_ActivateLPM
                0x08004376       0x2c CMakeFiles/FOC_test.elf.dir/Drivers/STM32G4xx_HAL_Driver/Src/stm32g4xx_hal_pcd_ex.c.obj
                0x08004376                HAL_PCDEx_ActivateLPM
 *fill*         0x080043a2        0x2 
 .text.HAL_PWREx_ControlVoltageScaling
                0x080043a4      0x10c CMakeFiles/FOC_test.elf.dir/Drivers/STM32G4xx_HAL_Driver/Src/stm32g4xx_hal_pwr_ex.c.obj
                0x080043a4                HAL_PWREx_ControlVoltageScaling
 .text.HAL_PWREx_DisableUCPDDeadBattery
                0x080044b0       0x10 CMakeFiles/FOC_test.elf.dir/Drivers/STM32G4xx_HAL_Driver/Src/stm32g4xx_hal_pwr_ex.c.obj
                0x080044b0                HAL_PWREx_DisableUCPDDeadBattery
 .text.RCC_GetSysClockFreqFromPLLSource
                0x080044c0       0x58 CMakeFiles/FOC_test.elf.dir/Drivers/STM32G4xx_HAL_Driver/Src/stm32g4xx_hal_rcc.c.obj
 .text.HAL_RCC_OscConfig
                0x08004518      0x4e8 CMakeFiles/FOC_test.elf.dir/Drivers/STM32G4xx_HAL_Driver/Src/stm32g4xx_hal_rcc.c.obj
                0x08004518                HAL_RCC_OscConfig
 .text.HAL_RCC_GetSysClockFreq
                0x08004a00       0x88 CMakeFiles/FOC_test.elf.dir/Drivers/STM32G4xx_HAL_Driver/Src/stm32g4xx_hal_rcc.c.obj
                0x08004a00                HAL_RCC_GetSysClockFreq
 .text.HAL_RCC_ClockConfig
                0x08004a88      0x1f8 CMakeFiles/FOC_test.elf.dir/Drivers/STM32G4xx_HAL_Driver/Src/stm32g4xx_hal_rcc.c.obj
                0x08004a88                HAL_RCC_ClockConfig
 .text.HAL_RCC_GetHCLKFreq
                0x08004c80        0xc CMakeFiles/FOC_test.elf.dir/Drivers/STM32G4xx_HAL_Driver/Src/stm32g4xx_hal_rcc.c.obj
                0x08004c80                HAL_RCC_GetHCLKFreq
 .text.HAL_RCC_GetPCLK1Freq
                0x08004c8c       0x24 CMakeFiles/FOC_test.elf.dir/Drivers/STM32G4xx_HAL_Driver/Src/stm32g4xx_hal_rcc.c.obj
                0x08004c8c                HAL_RCC_GetPCLK1Freq
 .text.HAL_RCC_GetPCLK2Freq
                0x08004cb0       0x24 CMakeFiles/FOC_test.elf.dir/Drivers/STM32G4xx_HAL_Driver/Src/stm32g4xx_hal_rcc.c.obj
                0x08004cb0                HAL_RCC_GetPCLK2Freq
 .text.HAL_RCCEx_PeriphCLKConfig
                0x08004cd4      0x2e4 CMakeFiles/FOC_test.elf.dir/Drivers/STM32G4xx_HAL_Driver/Src/stm32g4xx_hal_rcc_ex.c.obj
                0x08004cd4                HAL_RCCEx_PeriphCLKConfig
 .text.TIM_OC1_SetConfig
                0x08004fb8       0xa0 CMakeFiles/FOC_test.elf.dir/Drivers/STM32G4xx_HAL_Driver/Src/stm32g4xx_hal_tim.c.obj
 .text.TIM_OC3_SetConfig
                0x08005058       0x8c CMakeFiles/FOC_test.elf.dir/Drivers/STM32G4xx_HAL_Driver/Src/stm32g4xx_hal_tim.c.obj
 .text.TIM_OC4_SetConfig
                0x080050e4       0x8c CMakeFiles/FOC_test.elf.dir/Drivers/STM32G4xx_HAL_Driver/Src/stm32g4xx_hal_tim.c.obj
 .text.TIM_OC5_SetConfig
                0x08005170       0x68 CMakeFiles/FOC_test.elf.dir/Drivers/STM32G4xx_HAL_Driver/Src/stm32g4xx_hal_tim.c.obj
 .text.TIM_OC6_SetConfig
                0x080051d8       0x6c CMakeFiles/FOC_test.elf.dir/Drivers/STM32G4xx_HAL_Driver/Src/stm32g4xx_hal_tim.c.obj
 .text.TIM_TI1_ConfigInputStage
                0x08005244       0x24 CMakeFiles/FOC_test.elf.dir/Drivers/STM32G4xx_HAL_Driver/Src/stm32g4xx_hal_tim.c.obj
 .text.TIM_TI2_ConfigInputStage
                0x08005268       0x26 CMakeFiles/FOC_test.elf.dir/Drivers/STM32G4xx_HAL_Driver/Src/stm32g4xx_hal_tim.c.obj
 .text.TIM_ITRx_SetConfig
                0x0800528e       0x14 CMakeFiles/FOC_test.elf.dir/Drivers/STM32G4xx_HAL_Driver/Src/stm32g4xx_hal_tim.c.obj
 .text.HAL_TIM_PWM_MspInit
                0x080052a2        0x2 CMakeFiles/FOC_test.elf.dir/Drivers/STM32G4xx_HAL_Driver/Src/stm32g4xx_hal_tim.c.obj
                0x080052a2                HAL_TIM_PWM_MspInit
 .text.TIM_Base_SetConfig
                0x080052a4       0xb8 CMakeFiles/FOC_test.elf.dir/Drivers/STM32G4xx_HAL_Driver/Src/stm32g4xx_hal_tim.c.obj
                0x080052a4                TIM_Base_SetConfig
 .text.HAL_TIM_Base_Init
                0x0800535c       0x60 CMakeFiles/FOC_test.elf.dir/Drivers/STM32G4xx_HAL_Driver/Src/stm32g4xx_hal_tim.c.obj
                0x0800535c                HAL_TIM_Base_Init
 .text.HAL_TIM_PWM_Init
                0x080053bc       0x60 CMakeFiles/FOC_test.elf.dir/Drivers/STM32G4xx_HAL_Driver/Src/stm32g4xx_hal_tim.c.obj
                0x080053bc                HAL_TIM_PWM_Init
 .text.TIM_OC2_SetConfig
                0x0800541c       0x8c CMakeFiles/FOC_test.elf.dir/Drivers/STM32G4xx_HAL_Driver/Src/stm32g4xx_hal_tim.c.obj
                0x0800541c                TIM_OC2_SetConfig
 .text.HAL_TIM_PWM_ConfigChannel
                0x080054a8      0x13a CMakeFiles/FOC_test.elf.dir/Drivers/STM32G4xx_HAL_Driver/Src/stm32g4xx_hal_tim.c.obj
                0x080054a8                HAL_TIM_PWM_ConfigChannel
 .text.TIM_ETR_SetConfig
                0x080055e2       0x18 CMakeFiles/FOC_test.elf.dir/Drivers/STM32G4xx_HAL_Driver/Src/stm32g4xx_hal_tim.c.obj
                0x080055e2                TIM_ETR_SetConfig
 *fill*         0x080055fa        0x2 
 .text.HAL_TIM_ConfigClockSource
                0x080055fc      0x138 CMakeFiles/FOC_test.elf.dir/Drivers/STM32G4xx_HAL_Driver/Src/stm32g4xx_hal_tim.c.obj
                0x080055fc                HAL_TIM_ConfigClockSource
 .text.TIM_CCxChannelCmd
                0x08005734       0x1e CMakeFiles/FOC_test.elf.dir/Drivers/STM32G4xx_HAL_Driver/Src/stm32g4xx_hal_tim.c.obj
                0x08005734                TIM_CCxChannelCmd
 *fill*         0x08005752        0x2 
 .text.HAL_TIM_PWM_Start
                0x08005754      0x158 CMakeFiles/FOC_test.elf.dir/Drivers/STM32G4xx_HAL_Driver/Src/stm32g4xx_hal_tim.c.obj
                0x08005754                HAL_TIM_PWM_Start
 .text.HAL_TIMEx_MasterConfigSynchronization
                0x080058ac       0x94 CMakeFiles/FOC_test.elf.dir/Drivers/STM32G4xx_HAL_Driver/Src/stm32g4xx_hal_tim_ex.c.obj
                0x080058ac                HAL_TIMEx_MasterConfigSynchronization
 .text.HAL_TIMEx_ConfigBreakDeadTime
                0x08005940       0xbc CMakeFiles/FOC_test.elf.dir/Drivers/STM32G4xx_HAL_Driver/Src/stm32g4xx_hal_tim_ex.c.obj
                0x08005940                HAL_TIMEx_ConfigBreakDeadTime
 .text.UART_EndRxTransfer
                0x080059fc       0x56 CMakeFiles/FOC_test.elf.dir/Drivers/STM32G4xx_HAL_Driver/Src/stm32g4xx_hal_uart.c.obj
 .text.HAL_UART_TxCpltCallback
                0x08005a52        0x2 CMakeFiles/FOC_test.elf.dir/Drivers/STM32G4xx_HAL_Driver/Src/stm32g4xx_hal_uart.c.obj
                0x08005a52                HAL_UART_TxCpltCallback
 .text.UART_EndTransmit_IT
                0x08005a54       0x24 CMakeFiles/FOC_test.elf.dir/Drivers/STM32G4xx_HAL_Driver/Src/stm32g4xx_hal_uart.c.obj
 .text.HAL_UART_RxCpltCallback
                0x08005a78        0x2 CMakeFiles/FOC_test.elf.dir/Drivers/STM32G4xx_HAL_Driver/Src/stm32g4xx_hal_uart.c.obj
                0x08005a78                HAL_UART_RxCpltCallback
 .text.HAL_UART_ErrorCallback
                0x08005a7a        0x2 CMakeFiles/FOC_test.elf.dir/Drivers/STM32G4xx_HAL_Driver/Src/stm32g4xx_hal_uart.c.obj
                0x08005a7a                HAL_UART_ErrorCallback
 .text.UART_DMAAbortOnError
                0x08005a7c       0x14 CMakeFiles/FOC_test.elf.dir/Drivers/STM32G4xx_HAL_Driver/Src/stm32g4xx_hal_uart.c.obj
 .text.HAL_UARTEx_RxEventCallback
                0x08005a90        0x2 CMakeFiles/FOC_test.elf.dir/Drivers/STM32G4xx_HAL_Driver/Src/stm32g4xx_hal_uart.c.obj
                0x08005a90                HAL_UARTEx_RxEventCallback
 *fill*         0x08005a92        0x2 
 .text.HAL_UART_IRQHandler
                0x08005a94      0x334 CMakeFiles/FOC_test.elf.dir/Drivers/STM32G4xx_HAL_Driver/Src/stm32g4xx_hal_uart.c.obj
                0x08005a94                HAL_UART_IRQHandler
 .text.UART_RxISR_8BIT
                0x08005dc8       0xb2 CMakeFiles/FOC_test.elf.dir/Drivers/STM32G4xx_HAL_Driver/Src/stm32g4xx_hal_uart.c.obj
 .text.UART_RxISR_16BIT
                0x08005e7a       0xb0 CMakeFiles/FOC_test.elf.dir/Drivers/STM32G4xx_HAL_Driver/Src/stm32g4xx_hal_uart.c.obj
 *fill*         0x08005f2a        0x2 
 .text.UART_RxISR_8BIT_FIFOEN
                0x08005f2c      0x1a0 CMakeFiles/FOC_test.elf.dir/Drivers/STM32G4xx_HAL_Driver/Src/stm32g4xx_hal_uart.c.obj
 .text.UART_RxISR_16BIT_FIFOEN
                0x080060cc      0x1a0 CMakeFiles/FOC_test.elf.dir/Drivers/STM32G4xx_HAL_Driver/Src/stm32g4xx_hal_uart.c.obj
 .text.UART_SetConfig
                0x0800626c      0x344 CMakeFiles/FOC_test.elf.dir/Drivers/STM32G4xx_HAL_Driver/Src/stm32g4xx_hal_uart.c.obj
                0x0800626c                UART_SetConfig
 .text.UART_AdvFeatureConfig
                0x080065b0       0xca CMakeFiles/FOC_test.elf.dir/Drivers/STM32G4xx_HAL_Driver/Src/stm32g4xx_hal_uart.c.obj
                0x080065b0                UART_AdvFeatureConfig
 .text.UART_WaitOnFlagUntilTimeout
                0x0800667a       0xdc CMakeFiles/FOC_test.elf.dir/Drivers/STM32G4xx_HAL_Driver/Src/stm32g4xx_hal_uart.c.obj
                0x0800667a                UART_WaitOnFlagUntilTimeout
 .text.UART_CheckIdleState
                0x08006756       0x74 CMakeFiles/FOC_test.elf.dir/Drivers/STM32G4xx_HAL_Driver/Src/stm32g4xx_hal_uart.c.obj
                0x08006756                UART_CheckIdleState
 .text.HAL_UART_Init
                0x080067ca       0x66 CMakeFiles/FOC_test.elf.dir/Drivers/STM32G4xx_HAL_Driver/Src/stm32g4xx_hal_uart.c.obj
                0x080067ca                HAL_UART_Init
 .text.UART_Start_Receive_IT
                0x08006830      0x148 CMakeFiles/FOC_test.elf.dir/Drivers/STM32G4xx_HAL_Driver/Src/stm32g4xx_hal_uart.c.obj
                0x08006830                UART_Start_Receive_IT
 .text.HAL_UART_Receive_IT
                0x08006978       0x5c CMakeFiles/FOC_test.elf.dir/Drivers/STM32G4xx_HAL_Driver/Src/stm32g4xx_hal_uart.c.obj
                0x08006978                HAL_UART_Receive_IT
 .text.UARTEx_SetNbDataToProcess
                0x080069d4       0x4c CMakeFiles/FOC_test.elf.dir/Drivers/STM32G4xx_HAL_Driver/Src/stm32g4xx_hal_uart_ex.c.obj
 .text.HAL_UARTEx_WakeupCallback
                0x08006a20        0x2 CMakeFiles/FOC_test.elf.dir/Drivers/STM32G4xx_HAL_Driver/Src/stm32g4xx_hal_uart_ex.c.obj
                0x08006a20                HAL_UARTEx_WakeupCallback
 .text.HAL_UARTEx_RxFifoFullCallback
                0x08006a22        0x2 CMakeFiles/FOC_test.elf.dir/Drivers/STM32G4xx_HAL_Driver/Src/stm32g4xx_hal_uart_ex.c.obj
                0x08006a22                HAL_UARTEx_RxFifoFullCallback
 .text.HAL_UARTEx_TxFifoEmptyCallback
                0x08006a24        0x2 CMakeFiles/FOC_test.elf.dir/Drivers/STM32G4xx_HAL_Driver/Src/stm32g4xx_hal_uart_ex.c.obj
                0x08006a24                HAL_UARTEx_TxFifoEmptyCallback
 .text.HAL_UARTEx_DisableFifoMode
                0x08006a26       0x3e CMakeFiles/FOC_test.elf.dir/Drivers/STM32G4xx_HAL_Driver/Src/stm32g4xx_hal_uart_ex.c.obj
                0x08006a26                HAL_UARTEx_DisableFifoMode
 .text.HAL_UARTEx_SetTxFifoThreshold
                0x08006a64       0x4a CMakeFiles/FOC_test.elf.dir/Drivers/STM32G4xx_HAL_Driver/Src/stm32g4xx_hal_uart_ex.c.obj
                0x08006a64                HAL_UARTEx_SetTxFifoThreshold
 .text.HAL_UARTEx_SetRxFifoThreshold
                0x08006aae       0x4a CMakeFiles/FOC_test.elf.dir/Drivers/STM32G4xx_HAL_Driver/Src/stm32g4xx_hal_uart_ex.c.obj
                0x08006aae                HAL_UARTEx_SetRxFifoThreshold
 .text.USB_EnableGlobalInt
                0x08006af8       0x12 CMakeFiles/FOC_test.elf.dir/Drivers/STM32G4xx_HAL_Driver/Src/stm32g4xx_ll_usb.c.obj
                0x08006af8                USB_EnableGlobalInt
 .text.USB_DisableGlobalInt
                0x08006b0a       0x14 CMakeFiles/FOC_test.elf.dir/Drivers/STM32G4xx_HAL_Driver/Src/stm32g4xx_ll_usb.c.obj
                0x08006b0a                USB_DisableGlobalInt
 .text.USB_DevInit
                0x08006b1e       0x22 CMakeFiles/FOC_test.elf.dir/Drivers/STM32G4xx_HAL_Driver/Src/stm32g4xx_ll_usb.c.obj
                0x08006b1e                USB_DevInit
 .text.USB_ActivateEndpoint
                0x08006b40      0x39a CMakeFiles/FOC_test.elf.dir/Drivers/STM32G4xx_HAL_Driver/Src/stm32g4xx_ll_usb.c.obj
                0x08006b40                USB_ActivateEndpoint
 .text.USB_DeactivateEndpoint
                0x08006eda      0x1d6 CMakeFiles/FOC_test.elf.dir/Drivers/STM32G4xx_HAL_Driver/Src/stm32g4xx_ll_usb.c.obj
                0x08006eda                USB_DeactivateEndpoint
 .text.USB_EPSetStall
                0x080070b0       0x4a CMakeFiles/FOC_test.elf.dir/Drivers/STM32G4xx_HAL_Driver/Src/stm32g4xx_ll_usb.c.obj
                0x080070b0                USB_EPSetStall
 .text.USB_EPClearStall
                0x080070fa       0xa2 CMakeFiles/FOC_test.elf.dir/Drivers/STM32G4xx_HAL_Driver/Src/stm32g4xx_ll_usb.c.obj
                0x080070fa                USB_EPClearStall
 .text.USB_SetDevAddress
                0x0800719c        0xc CMakeFiles/FOC_test.elf.dir/Drivers/STM32G4xx_HAL_Driver/Src/stm32g4xx_ll_usb.c.obj
                0x0800719c                USB_SetDevAddress
 .text.USB_DevConnect
                0x080071a8       0x16 CMakeFiles/FOC_test.elf.dir/Drivers/STM32G4xx_HAL_Driver/Src/stm32g4xx_ll_usb.c.obj
                0x080071a8                USB_DevConnect
 .text.USB_ReadInterrupts
                0x080071be        0x8 CMakeFiles/FOC_test.elf.dir/Drivers/STM32G4xx_HAL_Driver/Src/stm32g4xx_ll_usb.c.obj
                0x080071be                USB_ReadInterrupts
 .text.USB_WritePMA
                0x080071c6       0x26 CMakeFiles/FOC_test.elf.dir/Drivers/STM32G4xx_HAL_Driver/Src/stm32g4xx_ll_usb.c.obj
                0x080071c6                USB_WritePMA
 .text.USB_EPStartXfer
                0x080071ec      0x760 CMakeFiles/FOC_test.elf.dir/Drivers/STM32G4xx_HAL_Driver/Src/stm32g4xx_ll_usb.c.obj
                0x080071ec                USB_EPStartXfer
 .text.USB_ReadPMA
                0x0800794c       0x2e CMakeFiles/FOC_test.elf.dir/Drivers/STM32G4xx_HAL_Driver/Src/stm32g4xx_ll_usb.c.obj
                0x0800794c                USB_ReadPMA
 .text.USBD_CDC_EP0_RxReady
                0x0800797a       0x36 CMakeFiles/FOC_test.elf.dir/Middlewares/ST/STM32_USB_Device_Library/Class/CDC/Src/usbd_cdc.c.obj
 .text.USBD_CDC_GetFSCfgDesc
                0x080079b0        0xc CMakeFiles/FOC_test.elf.dir/Middlewares/ST/STM32_USB_Device_Library/Class/CDC/Src/usbd_cdc.c.obj
 .text.USBD_CDC_GetHSCfgDesc
                0x080079bc        0xc CMakeFiles/FOC_test.elf.dir/Middlewares/ST/STM32_USB_Device_Library/Class/CDC/Src/usbd_cdc.c.obj
 .text.USBD_CDC_GetOtherSpeedCfgDesc
                0x080079c8        0xc CMakeFiles/FOC_test.elf.dir/Middlewares/ST/STM32_USB_Device_Library/Class/CDC/Src/usbd_cdc.c.obj
 .text.USBD_CDC_GetDeviceQualifierDescriptor
                0x080079d4        0xc CMakeFiles/FOC_test.elf.dir/Middlewares/ST/STM32_USB_Device_Library/Class/CDC/Src/usbd_cdc.c.obj
                0x080079d4                USBD_CDC_GetDeviceQualifierDescriptor
 .text.USBD_CDC_DataOut
                0x080079e0       0x2a CMakeFiles/FOC_test.elf.dir/Middlewares/ST/STM32_USB_Device_Library/Class/CDC/Src/usbd_cdc.c.obj
 .text.USBD_CDC_DataIn
                0x08007a0a       0x6a CMakeFiles/FOC_test.elf.dir/Middlewares/ST/STM32_USB_Device_Library/Class/CDC/Src/usbd_cdc.c.obj
 .text.USBD_CDC_Setup
                0x08007a74       0xf4 CMakeFiles/FOC_test.elf.dir/Middlewares/ST/STM32_USB_Device_Library/Class/CDC/Src/usbd_cdc.c.obj
 .text.USBD_CDC_DeInit
                0x08007b68       0x48 CMakeFiles/FOC_test.elf.dir/Middlewares/ST/STM32_USB_Device_Library/Class/CDC/Src/usbd_cdc.c.obj
 .text.USBD_CDC_Init
                0x08007bb0       0xc2 CMakeFiles/FOC_test.elf.dir/Middlewares/ST/STM32_USB_Device_Library/Class/CDC/Src/usbd_cdc.c.obj
 .text.USBD_CDC_RegisterInterface
                0x08007c72        0xe CMakeFiles/FOC_test.elf.dir/Middlewares/ST/STM32_USB_Device_Library/Class/CDC/Src/usbd_cdc.c.obj
                0x08007c72                USBD_CDC_RegisterInterface
 .text.USBD_CDC_SetTxBuffer
                0x08007c80       0x16 CMakeFiles/FOC_test.elf.dir/Middlewares/ST/STM32_USB_Device_Library/Class/CDC/Src/usbd_cdc.c.obj
                0x08007c80                USBD_CDC_SetTxBuffer
 .text.USBD_CDC_SetRxBuffer
                0x08007c96       0x12 CMakeFiles/FOC_test.elf.dir/Middlewares/ST/STM32_USB_Device_Library/Class/CDC/Src/usbd_cdc.c.obj
                0x08007c96                USBD_CDC_SetRxBuffer
 .text.USBD_CDC_TransmitPacket
                0x08007ca8       0x34 CMakeFiles/FOC_test.elf.dir/Middlewares/ST/STM32_USB_Device_Library/Class/CDC/Src/usbd_cdc.c.obj
                0x08007ca8                USBD_CDC_TransmitPacket
 .text.USBD_CDC_ReceivePacket
                0x08007cdc       0x32 CMakeFiles/FOC_test.elf.dir/Middlewares/ST/STM32_USB_Device_Library/Class/CDC/Src/usbd_cdc.c.obj
                0x08007cdc                USBD_CDC_ReceivePacket
 .text.USBD_Init
                0x08007d0e       0x2e CMakeFiles/FOC_test.elf.dir/Middlewares/ST/STM32_USB_Device_Library/Core/Src/usbd_core.c.obj
                0x08007d0e                USBD_Init
 .text.USBD_RegisterClass
                0x08007d3c       0x2e CMakeFiles/FOC_test.elf.dir/Middlewares/ST/STM32_USB_Device_Library/Core/Src/usbd_core.c.obj
                0x08007d3c                USBD_RegisterClass
 .text.USBD_Start
                0x08007d6a        0x8 CMakeFiles/FOC_test.elf.dir/Middlewares/ST/STM32_USB_Device_Library/Core/Src/usbd_core.c.obj
                0x08007d6a                USBD_Start
 .text.USBD_SetClassConfig
                0x08007d72       0x12 CMakeFiles/FOC_test.elf.dir/Middlewares/ST/STM32_USB_Device_Library/Core/Src/usbd_core.c.obj
                0x08007d72                USBD_SetClassConfig
 .text.USBD_ClrClassConfig
                0x08007d84       0x10 CMakeFiles/FOC_test.elf.dir/Middlewares/ST/STM32_USB_Device_Library/Core/Src/usbd_core.c.obj
                0x08007d84                USBD_ClrClassConfig
 .text.USBD_LL_SetupStage
                0x08007d94       0x58 CMakeFiles/FOC_test.elf.dir/Middlewares/ST/STM32_USB_Device_Library/Core/Src/usbd_core.c.obj
                0x08007d94                USBD_LL_SetupStage
 .text.USBD_LL_DataOutStage
                0x08007dec       0x78 CMakeFiles/FOC_test.elf.dir/Middlewares/ST/STM32_USB_Device_Library/Core/Src/usbd_core.c.obj
                0x08007dec                USBD_LL_DataOutStage
 .text.USBD_LL_DataInStage
                0x08007e64       0xbe CMakeFiles/FOC_test.elf.dir/Middlewares/ST/STM32_USB_Device_Library/Core/Src/usbd_core.c.obj
                0x08007e64                USBD_LL_DataInStage
 .text.USBD_LL_Reset
                0x08007f22       0x5a CMakeFiles/FOC_test.elf.dir/Middlewares/ST/STM32_USB_Device_Library/Core/Src/usbd_core.c.obj
                0x08007f22                USBD_LL_Reset
 .text.USBD_LL_SetSpeed
                0x08007f7c        0x6 CMakeFiles/FOC_test.elf.dir/Middlewares/ST/STM32_USB_Device_Library/Core/Src/usbd_core.c.obj
                0x08007f7c                USBD_LL_SetSpeed
 .text.USBD_LL_Suspend
                0x08007f82       0x14 CMakeFiles/FOC_test.elf.dir/Middlewares/ST/STM32_USB_Device_Library/Core/Src/usbd_core.c.obj
                0x08007f82                USBD_LL_Suspend
 .text.USBD_LL_Resume
                0x08007f96       0x1a CMakeFiles/FOC_test.elf.dir/Middlewares/ST/STM32_USB_Device_Library/Core/Src/usbd_core.c.obj
                0x08007f96                USBD_LL_Resume
 .text.USBD_LL_SOF
                0x08007fb0       0x28 CMakeFiles/FOC_test.elf.dir/Middlewares/ST/STM32_USB_Device_Library/Core/Src/usbd_core.c.obj
                0x08007fb0                USBD_LL_SOF
 .text.USBD_GetLen
                0x08007fd8       0x14 CMakeFiles/FOC_test.elf.dir/Middlewares/ST/STM32_USB_Device_Library/Core/Src/usbd_ctlreq.c.obj
 .text.USBD_SetFeature
                0x08007fec       0x14 CMakeFiles/FOC_test.elf.dir/Middlewares/ST/STM32_USB_Device_Library/Core/Src/usbd_ctlreq.c.obj
 .text.USBD_ParseSetupRequest
                0x08008000       0x28 CMakeFiles/FOC_test.elf.dir/Middlewares/ST/STM32_USB_Device_Library/Core/Src/usbd_ctlreq.c.obj
                0x08008000                USBD_ParseSetupRequest
 .text.USBD_CtlError
                0x08008028       0x14 CMakeFiles/FOC_test.elf.dir/Middlewares/ST/STM32_USB_Device_Library/Core/Src/usbd_ctlreq.c.obj
                0x08008028                USBD_CtlError
 .text.USBD_GetDescriptor
                0x0800803c      0x1ac CMakeFiles/FOC_test.elf.dir/Middlewares/ST/STM32_USB_Device_Library/Core/Src/usbd_ctlreq.c.obj
 .text.USBD_SetAddress
                0x080081e8       0x50 CMakeFiles/FOC_test.elf.dir/Middlewares/ST/STM32_USB_Device_Library/Core/Src/usbd_ctlreq.c.obj
 .text.USBD_SetConfig
                0x08008238       0xc8 CMakeFiles/FOC_test.elf.dir/Middlewares/ST/STM32_USB_Device_Library/Core/Src/usbd_ctlreq.c.obj
 .text.USBD_GetConfig
                0x08008300       0x40 CMakeFiles/FOC_test.elf.dir/Middlewares/ST/STM32_USB_Device_Library/Core/Src/usbd_ctlreq.c.obj
 .text.USBD_GetStatus
                0x08008340       0x38 CMakeFiles/FOC_test.elf.dir/Middlewares/ST/STM32_USB_Device_Library/Core/Src/usbd_ctlreq.c.obj
 .text.USBD_ClrFeature
                0x08008378       0x26 CMakeFiles/FOC_test.elf.dir/Middlewares/ST/STM32_USB_Device_Library/Core/Src/usbd_ctlreq.c.obj
 .text.USBD_StdDevReq
                0x0800839e       0x70 CMakeFiles/FOC_test.elf.dir/Middlewares/ST/STM32_USB_Device_Library/Core/Src/usbd_ctlreq.c.obj
                0x0800839e                USBD_StdDevReq
 .text.USBD_StdItfReq
                0x0800840e       0x68 CMakeFiles/FOC_test.elf.dir/Middlewares/ST/STM32_USB_Device_Library/Core/Src/usbd_ctlreq.c.obj
                0x0800840e                USBD_StdItfReq
 .text.USBD_StdEPReq
                0x08008476      0x1ec CMakeFiles/FOC_test.elf.dir/Middlewares/ST/STM32_USB_Device_Library/Core/Src/usbd_ctlreq.c.obj
                0x08008476                USBD_StdEPReq
 .text.USBD_GetString
                0x08008662       0x3a CMakeFiles/FOC_test.elf.dir/Middlewares/ST/STM32_USB_Device_Library/Core/Src/usbd_ctlreq.c.obj
                0x08008662                USBD_GetString
 .text.USBD_CtlSendData
                0x0800869c       0x1a CMakeFiles/FOC_test.elf.dir/Middlewares/ST/STM32_USB_Device_Library/Core/Src/usbd_ioreq.c.obj
                0x0800869c                USBD_CtlSendData
 .text.USBD_CtlContinueSendData
                0x080086b6       0x10 CMakeFiles/FOC_test.elf.dir/Middlewares/ST/STM32_USB_Device_Library/Core/Src/usbd_ioreq.c.obj
                0x080086b6                USBD_CtlContinueSendData
 .text.USBD_CtlPrepareRx
                0x080086c6       0x1e CMakeFiles/FOC_test.elf.dir/Middlewares/ST/STM32_USB_Device_Library/Core/Src/usbd_ioreq.c.obj
                0x080086c6                USBD_CtlPrepareRx
 .text.USBD_CtlContinueRx
                0x080086e4       0x10 CMakeFiles/FOC_test.elf.dir/Middlewares/ST/STM32_USB_Device_Library/Core/Src/usbd_ioreq.c.obj
                0x080086e4                USBD_CtlContinueRx
 .text.USBD_CtlSendStatus
                0x080086f4       0x16 CMakeFiles/FOC_test.elf.dir/Middlewares/ST/STM32_USB_Device_Library/Core/Src/usbd_ioreq.c.obj
                0x080086f4                USBD_CtlSendStatus
 .text.USBD_CtlReceiveStatus
                0x0800870a       0x16 CMakeFiles/FOC_test.elf.dir/Middlewares/ST/STM32_USB_Device_Library/Core/Src/usbd_ioreq.c.obj
                0x0800870a                USBD_CtlReceiveStatus
 .text.MX_USB_Device_Init
                0x08008720       0x54 CMakeFiles/FOC_test.elf.dir/USB_Device/App/usb_device.c.obj
                0x08008720                MX_USB_Device_Init
 .text.CDC_DeInit_FS
                0x08008774        0x4 CMakeFiles/FOC_test.elf.dir/USB_Device/App/usbd_cdc_if.c.obj
 .text.CDC_Control_FS
                0x08008778        0x4 CMakeFiles/FOC_test.elf.dir/USB_Device/App/usbd_cdc_if.c.obj
 .text.CDC_TransmitCplt_FS
                0x0800877c        0x4 CMakeFiles/FOC_test.elf.dir/USB_Device/App/usbd_cdc_if.c.obj
 .text.CDC_Receive_FS
                0x08008780       0x1c CMakeFiles/FOC_test.elf.dir/USB_Device/App/usbd_cdc_if.c.obj
 .text.CDC_Init_FS
                0x0800879c       0x28 CMakeFiles/FOC_test.elf.dir/USB_Device/App/usbd_cdc_if.c.obj
 .text.CDC_Transmit_FS
                0x080087c4       0x2c CMakeFiles/FOC_test.elf.dir/USB_Device/App/usbd_cdc_if.c.obj
                0x080087c4                CDC_Transmit_FS
 .text.USBD_CDC_DeviceDescriptor
                0x080087f0        0xc CMakeFiles/FOC_test.elf.dir/USB_Device/App/usbd_desc.c.obj
                0x080087f0                USBD_CDC_DeviceDescriptor
 .text.USBD_CDC_LangIDStrDescriptor
                0x080087fc        0xc CMakeFiles/FOC_test.elf.dir/USB_Device/App/usbd_desc.c.obj
                0x080087fc                USBD_CDC_LangIDStrDescriptor
 .text.IntToUnicode
                0x08008808       0x46 CMakeFiles/FOC_test.elf.dir/USB_Device/App/usbd_desc.c.obj
 *fill*         0x0800884e        0x2 
 .text.Get_SerialNum
                0x08008850       0x38 CMakeFiles/FOC_test.elf.dir/USB_Device/App/usbd_desc.c.obj
 .text.USBD_CDC_SerialStrDescriptor
                0x08008888       0x14 CMakeFiles/FOC_test.elf.dir/USB_Device/App/usbd_desc.c.obj
                0x08008888                USBD_CDC_SerialStrDescriptor
 .text.USBD_CDC_ProductStrDescriptor
                0x0800889c       0x24 CMakeFiles/FOC_test.elf.dir/USB_Device/App/usbd_desc.c.obj
                0x0800889c                USBD_CDC_ProductStrDescriptor
 .text.USBD_CDC_ManufacturerStrDescriptor
                0x080088c0       0x1c CMakeFiles/FOC_test.elf.dir/USB_Device/App/usbd_desc.c.obj
                0x080088c0                USBD_CDC_ManufacturerStrDescriptor
 .text.USBD_CDC_ConfigStrDescriptor
                0x080088dc       0x24 CMakeFiles/FOC_test.elf.dir/USB_Device/App/usbd_desc.c.obj
                0x080088dc                USBD_CDC_ConfigStrDescriptor
 .text.USBD_CDC_InterfaceStrDescriptor
                0x08008900       0x24 CMakeFiles/FOC_test.elf.dir/USB_Device/App/usbd_desc.c.obj
                0x08008900                USBD_CDC_InterfaceStrDescriptor
 .text.USBD_Get_USB_Status
                0x08008924       0x14 CMakeFiles/FOC_test.elf.dir/USB_Device/Target/usbd_conf.c.obj
 .text.SystemClockConfig_Resume
                0x08008938        0x8 CMakeFiles/FOC_test.elf.dir/USB_Device/Target/usbd_conf.c.obj
 .text.HAL_PCD_MspInit
                0x08008940       0x64 CMakeFiles/FOC_test.elf.dir/USB_Device/Target/usbd_conf.c.obj
                0x08008940                HAL_PCD_MspInit
 .text.HAL_PCD_SetupStageCallback
                0x080089a4       0x10 CMakeFiles/FOC_test.elf.dir/USB_Device/Target/usbd_conf.c.obj
                0x080089a4                HAL_PCD_SetupStageCallback
 .text.HAL_PCD_DataOutStageCallback
                0x080089b4       0x18 CMakeFiles/FOC_test.elf.dir/USB_Device/Target/usbd_conf.c.obj
                0x080089b4                HAL_PCD_DataOutStageCallback
 .text.HAL_PCD_DataInStageCallback
                0x080089cc       0x16 CMakeFiles/FOC_test.elf.dir/USB_Device/Target/usbd_conf.c.obj
                0x080089cc                HAL_PCD_DataInStageCallback
 .text.HAL_PCD_SOFCallback
                0x080089e2        0xc CMakeFiles/FOC_test.elf.dir/USB_Device/Target/usbd_conf.c.obj
                0x080089e2                HAL_PCD_SOFCallback
 .text.HAL_PCD_ResetCallback
                0x080089ee       0x24 CMakeFiles/FOC_test.elf.dir/USB_Device/Target/usbd_conf.c.obj
                0x080089ee                HAL_PCD_ResetCallback
 *fill*         0x08008a12        0x2 
 .text.HAL_PCD_SuspendCallback
                0x08008a14       0x20 CMakeFiles/FOC_test.elf.dir/USB_Device/Target/usbd_conf.c.obj
                0x08008a14                HAL_PCD_SuspendCallback
 .text.HAL_PCD_ResumeCallback
                0x08008a34       0x28 CMakeFiles/FOC_test.elf.dir/USB_Device/Target/usbd_conf.c.obj
                0x08008a34                HAL_PCD_ResumeCallback
 .text.USBD_LL_Init
                0x08008a5c       0x88 CMakeFiles/FOC_test.elf.dir/USB_Device/Target/usbd_conf.c.obj
                0x08008a5c                USBD_LL_Init
 .text.USBD_LL_Start
                0x08008ae4       0x10 CMakeFiles/FOC_test.elf.dir/USB_Device/Target/usbd_conf.c.obj
                0x08008ae4                USBD_LL_Start
 .text.USBD_LL_OpenEP
                0x08008af4       0x16 CMakeFiles/FOC_test.elf.dir/USB_Device/Target/usbd_conf.c.obj
                0x08008af4                USBD_LL_OpenEP
 .text.USBD_LL_CloseEP
                0x08008b0a       0x10 CMakeFiles/FOC_test.elf.dir/USB_Device/Target/usbd_conf.c.obj
                0x08008b0a                USBD_LL_CloseEP
 .text.USBD_LL_StallEP
                0x08008b1a       0x10 CMakeFiles/FOC_test.elf.dir/USB_Device/Target/usbd_conf.c.obj
                0x08008b1a                USBD_LL_StallEP
 .text.USBD_LL_ClearStallEP
                0x08008b2a       0x10 CMakeFiles/FOC_test.elf.dir/USB_Device/Target/usbd_conf.c.obj
                0x08008b2a                USBD_LL_ClearStallEP
 .text.USBD_LL_IsStallEP
                0x08008b3a       0x2e CMakeFiles/FOC_test.elf.dir/USB_Device/Target/usbd_conf.c.obj
                0x08008b3a                USBD_LL_IsStallEP
 .text.USBD_LL_SetUSBAddress
                0x08008b68       0x10 CMakeFiles/FOC_test.elf.dir/USB_Device/Target/usbd_conf.c.obj
                0x08008b68                USBD_LL_SetUSBAddress
 .text.USBD_LL_Transmit
                0x08008b78       0x10 CMakeFiles/FOC_test.elf.dir/USB_Device/Target/usbd_conf.c.obj
                0x08008b78                USBD_LL_Transmit
 .text.USBD_LL_PrepareReceive
                0x08008b88       0x10 CMakeFiles/FOC_test.elf.dir/USB_Device/Target/usbd_conf.c.obj
                0x08008b88                USBD_LL_PrepareReceive
 .text.USBD_LL_GetRxDataSize
                0x08008b98        0xc CMakeFiles/FOC_test.elf.dir/USB_Device/Target/usbd_conf.c.obj
                0x08008b98                USBD_LL_GetRxDataSize
 .text.HAL_PCDEx_LPM_Callback
                0x08008ba4       0x48 CMakeFiles/FOC_test.elf.dir/USB_Device/Target/usbd_conf.c.obj
                0x08008ba4                HAL_PCDEx_LPM_Callback
 .text.USBD_static_malloc
                0x08008bec        0x8 CMakeFiles/FOC_test.elf.dir/USB_Device/Target/usbd_conf.c.obj
                0x08008bec                USBD_static_malloc
 .text.USBD_static_free
                0x08008bf4        0x2 CMakeFiles/FOC_test.elf.dir/USB_Device/Target/usbd_conf.c.obj
                0x08008bf4                USBD_static_free
 *fill*         0x08008bf6        0x2 
 .text.__errno  0x08008bf8        0xc e:/myinstall/arm-none-eabi/bin/../lib/gcc/arm-none-eabi/10.3.1/../../../../arm-none-eabi/lib/thumb/v7e-m/nofp\libg.a(lib_a-errno.o)
                0x08008bf8                __errno
 .text.__libc_init_array
                0x08008c04       0x48 e:/myinstall/arm-none-eabi/bin/../lib/gcc/arm-none-eabi/10.3.1/../../../../arm-none-eabi/lib/thumb/v7e-m/nofp\libg.a(lib_a-init.o)
                0x08008c04                __libc_init_array
 .text.memset   0x08008c4c       0xa4 e:/myinstall/arm-none-eabi/bin/../lib/gcc/arm-none-eabi/10.3.1/../../../../arm-none-eabi/lib/thumb/v7e-m/nofp\libg.a(lib_a-memset.o)
                0x08008c4c                memset
 .text.strcpy   0x08008cf0       0xbc e:/myinstall/arm-none-eabi/bin/../lib/gcc/arm-none-eabi/10.3.1/../../../../arm-none-eabi/lib/thumb/v7e-m/nofp\libg.a(lib_a-strcpy.o)
                0x08008cf0                strcpy
 .text.startup.register_fini
                0x08008dac       0x14 e:/myinstall/arm-none-eabi/bin/../lib/gcc/arm-none-eabi/10.3.1/../../../../arm-none-eabi/lib/thumb/v7e-m/nofp\libg.a(lib_a-__call_atexit.o)
 .text.atexit   0x08008dc0        0xc e:/myinstall/arm-none-eabi/bin/../lib/gcc/arm-none-eabi/10.3.1/../../../../arm-none-eabi/lib/thumb/v7e-m/nofp\libg.a(lib_a-atexit.o)
                0x08008dc0                atexit
 .text.__libc_fini_array
                0x08008dcc       0x2c e:/myinstall/arm-none-eabi/bin/../lib/gcc/arm-none-eabi/10.3.1/../../../../arm-none-eabi/lib/thumb/v7e-m/nofp\libg.a(lib_a-fini.o)
                0x08008dcc                __libc_fini_array
 .text.__retarget_lock_acquire_recursive
                0x08008df8        0x4 e:/myinstall/arm-none-eabi/bin/../lib/gcc/arm-none-eabi/10.3.1/../../../../arm-none-eabi/lib/thumb/v7e-m/nofp\libg.a(lib_a-lock.o)
                0x08008df8                __retarget_lock_acquire_recursive
 .text.__retarget_lock_release_recursive
                0x08008dfc        0x4 e:/myinstall/arm-none-eabi/bin/../lib/gcc/arm-none-eabi/10.3.1/../../../../arm-none-eabi/lib/thumb/v7e-m/nofp\libg.a(lib_a-lock.o)
                0x08008dfc                __retarget_lock_release_recursive
 .text.__register_exitproc
                0x08008e00       0x8c e:/myinstall/arm-none-eabi/bin/../lib/gcc/arm-none-eabi/10.3.1/../../../../arm-none-eabi/lib/thumb/v7e-m/nofp\libg.a(lib_a-__atexit.o)
                0x08008e00                __register_exitproc
 .text.atan2    0x08008e8c        0x4 e:/myinstall/arm-none-eabi/bin/../lib/gcc/arm-none-eabi/10.3.1/../../../../arm-none-eabi/lib/thumb/v7e-m/nofp\libm.a(lib_a-w_atan2.o)
                0x08008e8c                atan2
 .text.fmod     0x08008e90       0x58 e:/myinstall/arm-none-eabi/bin/../lib/gcc/arm-none-eabi/10.3.1/../../../../arm-none-eabi/lib/thumb/v7e-m/nofp\libm.a(lib_a-w_fmod.o)
                0x08008e90                fmod
 .text.__ieee754_atan2
                0x08008ee8      0x194 e:/myinstall/arm-none-eabi/bin/../lib/gcc/arm-none-eabi/10.3.1/../../../../arm-none-eabi/lib/thumb/v7e-m/nofp\libm.a(lib_a-e_atan2.o)
                0x08008ee8                __ieee754_atan2
 .text.__ieee754_fmod
                0x0800907c      0x294 e:/myinstall/arm-none-eabi/bin/../lib/gcc/arm-none-eabi/10.3.1/../../../../arm-none-eabi/lib/thumb/v7e-m/nofp\libm.a(lib_a-e_fmod.o)
                0x0800907c                __ieee754_fmod
 .text.atan     0x08009310      0x32c e:/myinstall/arm-none-eabi/bin/../lib/gcc/arm-none-eabi/10.3.1/../../../../arm-none-eabi/lib/thumb/v7e-m/nofp\libm.a(lib_a-s_atan.o)
                0x08009310                atan
 .text.fabs     0x0800963c        0x8 e:/myinstall/arm-none-eabi/bin/../lib/gcc/arm-none-eabi/10.3.1/../../../../arm-none-eabi/lib/thumb/v7e-m/nofp\libm.a(lib_a-s_fabs.o)
                0x0800963c                fabs
 *(.glue_7)
 .glue_7        0x08009644        0x0 linker stubs
 *(.glue_7t)
 .glue_7t       0x08009644        0x0 linker stubs
 *(.eh_frame)
 .eh_frame      0x08009644        0x0 e:/myinstall/arm-none-eabi/bin/../lib/gcc/arm-none-eabi/10.3.1/thumb/v7e-m/nofp/crtbegin.o
 *(.init)
 .init          0x08009644        0x4 e:/myinstall/arm-none-eabi/bin/../lib/gcc/arm-none-eabi/10.3.1/thumb/v7e-m/nofp/crti.o
                0x08009644                _init
 .init          0x08009648        0x8 e:/myinstall/arm-none-eabi/bin/../lib/gcc/arm-none-eabi/10.3.1/thumb/v7e-m/nofp/crtn.o
 *(.fini)
 .fini          0x08009650        0x4 e:/myinstall/arm-none-eabi/bin/../lib/gcc/arm-none-eabi/10.3.1/thumb/v7e-m/nofp/crti.o
                0x08009650                _fini
 .fini          0x08009654        0x8 e:/myinstall/arm-none-eabi/bin/../lib/gcc/arm-none-eabi/10.3.1/thumb/v7e-m/nofp/crtn.o
                0x0800965c                . = ALIGN (0x4)
                0x0800965c                _etext = .

.vfp11_veneer   0x0800965c        0x0
 .vfp11_veneer  0x0800965c        0x0 linker stubs

.v4_bx          0x0800965c        0x0
 .v4_bx         0x0800965c        0x0 linker stubs

.iplt           0x0800965c        0x0
 .iplt          0x0800965c        0x0 e:/myinstall/arm-none-eabi/bin/../lib/gcc/arm-none-eabi/10.3.1/thumb/v7e-m/nofp/crtbegin.o

.rodata         0x08009660      0x430
                0x08009660                . = ALIGN (0x4)
 *(.rodata)
 *(.rodata*)
 .rodata.sine_array
                0x08009660      0x320 CMakeFiles/FOC_test.elf.dir/Core/Src/foc_utils.c.obj
                0x08009660                sine_array
 .rodata.AHBPrescTable
                0x08009980       0x10 CMakeFiles/FOC_test.elf.dir/Core/Src/system_stm32g4xx.c.obj
                0x08009980                AHBPrescTable
 .rodata.APBPrescTable
                0x08009990        0x8 CMakeFiles/FOC_test.elf.dir/Core/Src/system_stm32g4xx.c.obj
                0x08009990                APBPrescTable
 .rodata.UARTPrescTable
                0x08009998       0x18 CMakeFiles/FOC_test.elf.dir/Drivers/STM32G4xx_HAL_Driver/Src/stm32g4xx_hal_uart.c.obj
                0x08009998                UARTPrescTable
 .rodata.denominator.0
                0x080099b0        0x8 CMakeFiles/FOC_test.elf.dir/Drivers/STM32G4xx_HAL_Driver/Src/stm32g4xx_hal_uart_ex.c.obj
 .rodata.numerator.1
                0x080099b8        0x8 CMakeFiles/FOC_test.elf.dir/Drivers/STM32G4xx_HAL_Driver/Src/stm32g4xx_hal_uart_ex.c.obj
 .rodata.USBD_CDC_ProductStrDescriptor.str1.4
                0x080099c0       0x16 CMakeFiles/FOC_test.elf.dir/USB_Device/App/usbd_desc.c.obj
 *fill*         0x080099d6        0x2 
 .rodata.USBD_CDC_ManufacturerStrDescriptor.str1.4
                0x080099d8       0x13 CMakeFiles/FOC_test.elf.dir/USB_Device/App/usbd_desc.c.obj
 *fill*         0x080099eb        0x1 
 .rodata.USBD_CDC_ConfigStrDescriptor.str1.4
                0x080099ec        0xb CMakeFiles/FOC_test.elf.dir/USB_Device/App/usbd_desc.c.obj
 *fill*         0x080099f7        0x1 
 .rodata.USBD_CDC_InterfaceStrDescriptor.str1.4
                0x080099f8        0xe CMakeFiles/FOC_test.elf.dir/USB_Device/App/usbd_desc.c.obj
 *fill*         0x08009a06        0x2 
 .rodata._global_impure_ptr
                0x08009a08        0x4 e:/myinstall/arm-none-eabi/bin/../lib/gcc/arm-none-eabi/10.3.1/../../../../arm-none-eabi/lib/thumb/v7e-m/nofp\libg.a(lib_a-impure.o)
                0x08009a08                _global_impure_ptr
 *fill*         0x08009a0c        0x4 
 .rodata.CSWTCH.8
                0x08009a10       0x18 e:/myinstall/arm-none-eabi/bin/../lib/gcc/arm-none-eabi/10.3.1/../../../../arm-none-eabi/lib/thumb/v7e-m/nofp\libm.a(lib_a-e_atan2.o)
 .rodata.CSWTCH.9
                0x08009a28       0x18 e:/myinstall/arm-none-eabi/bin/../lib/gcc/arm-none-eabi/10.3.1/../../../../arm-none-eabi/lib/thumb/v7e-m/nofp\libm.a(lib_a-e_atan2.o)
 .rodata.Zero   0x08009a40       0x10 e:/myinstall/arm-none-eabi/bin/../lib/gcc/arm-none-eabi/10.3.1/../../../../arm-none-eabi/lib/thumb/v7e-m/nofp\libm.a(lib_a-e_fmod.o)
 .rodata.atanhi
                0x08009a50       0x20 e:/myinstall/arm-none-eabi/bin/../lib/gcc/arm-none-eabi/10.3.1/../../../../arm-none-eabi/lib/thumb/v7e-m/nofp\libm.a(lib_a-s_atan.o)
 .rodata.atanlo
                0x08009a70       0x20 e:/myinstall/arm-none-eabi/bin/../lib/gcc/arm-none-eabi/10.3.1/../../../../arm-none-eabi/lib/thumb/v7e-m/nofp\libm.a(lib_a-s_atan.o)
                0x08009a90                . = ALIGN (0x4)

.ARM.extab      0x08009a90        0x0
                0x08009a90                . = ALIGN (0x4)
 *(.ARM.extab* .gnu.linkonce.armextab.*)
                0x08009a90                . = ALIGN (0x4)

.ARM            0x08009a90        0x8
                0x08009a90                . = ALIGN (0x4)
                0x08009a90                __exidx_start = .
 *(.ARM.exidx*)
 .ARM.exidx     0x08009a90        0x8 e:/myinstall/arm-none-eabi/bin/../lib/gcc/arm-none-eabi/10.3.1/thumb/v7e-m/nofp\libgcc.a(_udivmoddi4.o)
                0x08009a98                __exidx_end = .
                0x08009a98                . = ALIGN (0x4)

.rel.dyn        0x08009a98        0x0
 .rel.iplt      0x08009a98        0x0 e:/myinstall/arm-none-eabi/bin/../lib/gcc/arm-none-eabi/10.3.1/thumb/v7e-m/nofp/crtbegin.o

.preinit_array  0x08009a98        0x0
                0x08009a98                . = ALIGN (0x4)
                0x08009a98                PROVIDE (__preinit_array_start = .)
 *(.preinit_array*)
                0x08009a98                PROVIDE (__preinit_array_end = .)
                0x08009a98                . = ALIGN (0x4)

.init_array     0x08009a98        0x8
                0x08009a98                . = ALIGN (0x4)
                0x08009a98                PROVIDE (__init_array_start = .)
 *(SORT_BY_NAME(.init_array.*))
 .init_array.00000
                0x08009a98        0x4 e:/myinstall/arm-none-eabi/bin/../lib/gcc/arm-none-eabi/10.3.1/../../../../arm-none-eabi/lib/thumb/v7e-m/nofp\libg.a(lib_a-__call_atexit.o)
 *(.init_array*)
 .init_array    0x08009a9c        0x4 e:/myinstall/arm-none-eabi/bin/../lib/gcc/arm-none-eabi/10.3.1/thumb/v7e-m/nofp/crtbegin.o
                0x08009aa0                PROVIDE (__init_array_end = .)
                0x08009aa0                . = ALIGN (0x4)

.fini_array     0x08009aa0        0x4
                0x08009aa0                . = ALIGN (0x4)
                0x08009aa0                PROVIDE (__fini_array_start = .)
 *(SORT_BY_NAME(.fini_array.*))
 *(.fini_array*)
 .fini_array    0x08009aa0        0x4 e:/myinstall/arm-none-eabi/bin/../lib/gcc/arm-none-eabi/10.3.1/thumb/v7e-m/nofp/crtbegin.o
                0x08009aa4                PROVIDE (__fini_array_end = .)
                0x08009aa4                . = ALIGN (0x4)
                0x08009aa4                _sidata = LOADADDR (.data)

.data           0x20000000      0x5b4 load address 0x08009aa4
                0x20000000                . = ALIGN (0x4)
                0x20000000                _sdata = .
 *(.data)
 *(.data*)
 .data.SystemCoreClock
                0x20000000        0x4 CMakeFiles/FOC_test.elf.dir/Core/Src/system_stm32g4xx.c.obj
                0x20000000                SystemCoreClock
 .data.uwTickFreq
                0x20000004        0x4 CMakeFiles/FOC_test.elf.dir/Drivers/STM32G4xx_HAL_Driver/Src/stm32g4xx_hal.c.obj
                0x20000004                uwTickFreq
 .data.uwTickPrio
                0x20000008        0x4 CMakeFiles/FOC_test.elf.dir/Drivers/STM32G4xx_HAL_Driver/Src/stm32g4xx_hal.c.obj
                0x20000008                uwTickPrio
 .data.USBD_CDC
                0x2000000c       0x38 CMakeFiles/FOC_test.elf.dir/Middlewares/ST/STM32_USB_Device_Library/Class/CDC/Src/usbd_cdc.c.obj
                0x2000000c                USBD_CDC
 .data.USBD_CDC_CfgFSDesc
                0x20000044       0x43 CMakeFiles/FOC_test.elf.dir/Middlewares/ST/STM32_USB_Device_Library/Class/CDC/Src/usbd_cdc.c.obj
 *fill*         0x20000087        0x1 
 .data.USBD_CDC_CfgHSDesc
                0x20000088       0x43 CMakeFiles/FOC_test.elf.dir/Middlewares/ST/STM32_USB_Device_Library/Class/CDC/Src/usbd_cdc.c.obj
 *fill*         0x200000cb        0x1 
 .data.USBD_CDC_DeviceQualifierDesc
                0x200000cc        0xa CMakeFiles/FOC_test.elf.dir/Middlewares/ST/STM32_USB_Device_Library/Class/CDC/Src/usbd_cdc.c.obj
 *fill*         0x200000d6        0x2 
 .data.USBD_CDC_OtherSpeedCfgDesc
                0x200000d8       0x43 CMakeFiles/FOC_test.elf.dir/Middlewares/ST/STM32_USB_Device_Library/Class/CDC/Src/usbd_cdc.c.obj
 *fill*         0x2000011b        0x1 
 .data.USBD_Interface_fops_FS
                0x2000011c       0x14 CMakeFiles/FOC_test.elf.dir/USB_Device/App/usbd_cdc_if.c.obj
                0x2000011c                USBD_Interface_fops_FS
 .data.CDC_Desc
                0x20000130       0x20 CMakeFiles/FOC_test.elf.dir/USB_Device/App/usbd_desc.c.obj
                0x20000130                CDC_Desc
 .data.USBD_CDC_DeviceDesc
                0x20000150       0x12 CMakeFiles/FOC_test.elf.dir/USB_Device/App/usbd_desc.c.obj
                0x20000150                USBD_CDC_DeviceDesc
 *fill*         0x20000162        0x2 
 .data.USBD_LangIDDesc
                0x20000164        0x4 CMakeFiles/FOC_test.elf.dir/USB_Device/App/usbd_desc.c.obj
                0x20000164                USBD_LangIDDesc
 .data.USBD_StringSerial
                0x20000168       0x1a CMakeFiles/FOC_test.elf.dir/USB_Device/App/usbd_desc.c.obj
                0x20000168                USBD_StringSerial
 *fill*         0x20000182        0x2 
 .data._impure_ptr
                0x20000184        0x4 e:/myinstall/arm-none-eabi/bin/../lib/gcc/arm-none-eabi/10.3.1/../../../../arm-none-eabi/lib/thumb/v7e-m/nofp\libg.a(lib_a-impure.o)
                0x20000184                _impure_ptr
 .data.impure_data
                0x20000188      0x428 e:/myinstall/arm-none-eabi/bin/../lib/gcc/arm-none-eabi/10.3.1/../../../../arm-none-eabi/lib/thumb/v7e-m/nofp\libg.a(lib_a-impure.o)
 .data.__atexit_recursive_mutex
                0x200005b0        0x4 e:/myinstall/arm-none-eabi/bin/../lib/gcc/arm-none-eabi/10.3.1/../../../../arm-none-eabi/lib/thumb/v7e-m/nofp\libg.a(lib_a-__call_atexit.o)
                0x200005b0                __atexit_recursive_mutex
 *(.RamFunc)
 *(.RamFunc*)
                0x200005b4                . = ALIGN (0x4)
                0x200005b4                _edata = .

.igot.plt       0x200005b4        0x0 load address 0x0800a058
 .igot.plt      0x200005b4        0x0 e:/myinstall/arm-none-eabi/bin/../lib/gcc/arm-none-eabi/10.3.1/thumb/v7e-m/nofp/crtbegin.o
                0x200005b4                . = ALIGN (0x4)

.bss            0x200005b4     0x1500 load address 0x0800a058
                0x200005b4                _sbss = .
                0x200005b4                __bss_start__ = _sbss
 *(.bss)
 .bss           0x200005b4       0x1c e:/myinstall/arm-none-eabi/bin/../lib/gcc/arm-none-eabi/10.3.1/thumb/v7e-m/nofp/crtbegin.o
 *(.bss*)
 .bss.open_loop_timestamp
                0x200005d0        0x4 CMakeFiles/FOC_test.elf.dir/Core/Src/BLDCMotor.c.obj
                0x200005d0                open_loop_timestamp
 .bss.pole_pairs
                0x200005d4        0x4 CMakeFiles/FOC_test.elf.dir/Core/Src/BLDCMotor.c.obj
                0x200005d4                pole_pairs
 .bss.velocity_limit
                0x200005d8        0x4 CMakeFiles/FOC_test.elf.dir/Core/Src/BLDCMotor.c.obj
                0x200005d8                velocity_limit
 .bss.voltage_limit
                0x200005dc        0x4 CMakeFiles/FOC_test.elf.dir/Core/Src/BLDCMotor.c.obj
                0x200005dc                voltage_limit
 .bss.voltage_power_supply
                0x200005e0        0x4 CMakeFiles/FOC_test.elf.dir/Core/Src/BLDCMotor.c.obj
                0x200005e0                voltage_power_supply
 .bss.controller
                0x200005e4        0x1 CMakeFiles/FOC_test.elf.dir/Core/Src/FOCMotor.c.obj
                0x200005e4                controller
 *fill*         0x200005e5        0x3 
 .bss.shaft_angle
                0x200005e8        0x4 CMakeFiles/FOC_test.elf.dir/Core/Src/FOCMotor.c.obj
                0x200005e8                shaft_angle
 .bss.shaft_angle_sp
                0x200005ec        0x4 CMakeFiles/FOC_test.elf.dir/Core/Src/FOCMotor.c.obj
                0x200005ec                shaft_angle_sp
 .bss.shaft_velocity_sp
                0x200005f0        0x4 CMakeFiles/FOC_test.elf.dir/Core/Src/FOCMotor.c.obj
                0x200005f0                shaft_velocity_sp
 .bss.voltage   0x200005f4        0x8 CMakeFiles/FOC_test.elf.dir/Core/Src/FOCMotor.c.obj
                0x200005f4                voltage
 .bss.HAL_RCC_ADC12_CLK_ENABLED
                0x200005fc        0x4 CMakeFiles/FOC_test.elf.dir/Core/Src/adc.c.obj
 .bss.hadc1     0x20000600       0x6c CMakeFiles/FOC_test.elf.dir/Core/Src/adc.c.obj
                0x20000600                hadc1
 .bss.hadc2     0x2000066c       0x6c CMakeFiles/FOC_test.elf.dir/Core/Src/adc.c.obj
                0x2000066c                hadc2
 .bss.hi2c1     0x200006d8       0x4c CMakeFiles/FOC_test.elf.dir/Core/Src/i2c.c.obj
                0x200006d8                hi2c1
 .bss.ans       0x20000724       0x40 CMakeFiles/FOC_test.elf.dir/Core/Src/main.c.obj
                0x20000724                ans
 .bss.rx_index  0x20000764        0x1 CMakeFiles/FOC_test.elf.dir/Core/Src/main.c.obj
                0x20000764                rx_index
 *fill*         0x20000765        0x3 
 .bss.value     0x20000768       0x40 CMakeFiles/FOC_test.elf.dir/Core/Src/main.c.obj
                0x20000768                value
 .bss.rx_buffer
                0x200007a8       0x40 CMakeFiles/FOC_test.elf.dir/Core/Src/stm32g4xx_it.c.obj
                0x200007a8                rx_buffer
 .bss.htim1     0x200007e8       0x4c CMakeFiles/FOC_test.elf.dir/Core/Src/tim.c.obj
                0x200007e8                htim1
 .bss.huart3    0x20000834       0x90 CMakeFiles/FOC_test.elf.dir/Core/Src/usart.c.obj
                0x20000834                huart3
 .bss.uwTick    0x200008c4        0x4 CMakeFiles/FOC_test.elf.dir/Drivers/STM32G4xx_HAL_Driver/Src/stm32g4xx_hal.c.obj
                0x200008c4                uwTick
 .bss.cfgidx.0  0x200008c8        0x1 CMakeFiles/FOC_test.elf.dir/Middlewares/ST/STM32_USB_Device_Library/Core/Src/usbd_ctlreq.c.obj
 *fill*         0x200008c9        0x3 
 .bss.hUsbDeviceFS
                0x200008cc      0x2d0 CMakeFiles/FOC_test.elf.dir/USB_Device/App/usb_device.c.obj
                0x200008cc                hUsbDeviceFS
 .bss.UserRxBufferFS
                0x20000b9c      0x400 CMakeFiles/FOC_test.elf.dir/USB_Device/App/usbd_cdc_if.c.obj
                0x20000b9c                UserRxBufferFS
 .bss.UserTxBufferFS
                0x20000f9c      0x400 CMakeFiles/FOC_test.elf.dir/USB_Device/App/usbd_cdc_if.c.obj
                0x20000f9c                UserTxBufferFS
 .bss.USBD_StrDesc
                0x2000139c      0x200 CMakeFiles/FOC_test.elf.dir/USB_Device/App/usbd_desc.c.obj
                0x2000139c                USBD_StrDesc
 .bss.hpcd_USB_FS
                0x2000159c      0x2f4 CMakeFiles/FOC_test.elf.dir/USB_Device/Target/usbd_conf.c.obj
                0x2000159c                hpcd_USB_FS
 .bss.mem.0     0x20001890      0x220 CMakeFiles/FOC_test.elf.dir/USB_Device/Target/usbd_conf.c.obj
 .bss.__lock___atexit_recursive_mutex
                0x20001ab0        0x1 e:/myinstall/arm-none-eabi/bin/../lib/gcc/arm-none-eabi/10.3.1/../../../../arm-none-eabi/lib/thumb/v7e-m/nofp\libg.a(lib_a-lock.o)
                0x20001ab0                __lock___atexit_recursive_mutex
 *(COMMON)
                0x20001ab4                . = ALIGN (0x4)
 *fill*         0x20001ab1        0x3 
                0x20001ab4                _ebss = .
                0x20001ab4                __bss_end__ = _ebss

._user_heap_stack
                0x20001ab4      0x604 load address 0x0800a058
                0x20001ab8                . = ALIGN (0x8)
 *fill*         0x20001ab4        0x4 
                [!provide]                PROVIDE (end = .)
                0x20001ab8                PROVIDE (_end = .)
                0x20001cb8                . = (. + _Min_Heap_Size)
 *fill*         0x20001ab8      0x200 
                0x200020b8                . = (. + _Min_Stack_Size)
 *fill*         0x20001cb8      0x400 
                0x200020b8                . = ALIGN (0x8)

/DISCARD/
 libc.a(*)
 libm.a(*)
 libgcc.a(*)

.ARM.attributes
                0x00000000       0x2a
 *(.ARM.attributes)
 .ARM.attributes
                0x00000000       0x1e e:/myinstall/arm-none-eabi/bin/../lib/gcc/arm-none-eabi/10.3.1/thumb/v7e-m/nofp/crti.o
 .ARM.attributes
                0x0000001e       0x2e e:/myinstall/arm-none-eabi/bin/../lib/gcc/arm-none-eabi/10.3.1/thumb/v7e-m/nofp/crtbegin.o
 .ARM.attributes
                0x0000004c       0x2e CMakeFiles/FOC_test.elf.dir/Core/Src/BLDCMotor.c.obj
 .ARM.attributes
                0x0000007a       0x2e CMakeFiles/FOC_test.elf.dir/Core/Src/FOCMotor.c.obj
 .ARM.attributes
                0x000000a8       0x2e CMakeFiles/FOC_test.elf.dir/Core/Src/adc.c.obj
 .ARM.attributes
                0x000000d6       0x2e CMakeFiles/FOC_test.elf.dir/Core/Src/foc_utils.c.obj
 .ARM.attributes
                0x00000104       0x2e CMakeFiles/FOC_test.elf.dir/Core/Src/gpio.c.obj
 .ARM.attributes
                0x00000132       0x2e CMakeFiles/FOC_test.elf.dir/Core/Src/i2c.c.obj
 .ARM.attributes
                0x00000160       0x2e CMakeFiles/FOC_test.elf.dir/Core/Src/main.c.obj
 .ARM.attributes
                0x0000018e       0x2e CMakeFiles/FOC_test.elf.dir/Core/Src/stm32g4xx_hal_msp.c.obj
 .ARM.attributes
                0x000001bc       0x2e CMakeFiles/FOC_test.elf.dir/Core/Src/stm32g4xx_it.c.obj
 .ARM.attributes
                0x000001ea       0x2e CMakeFiles/FOC_test.elf.dir/Core/Src/system_stm32g4xx.c.obj
 .ARM.attributes
                0x00000218       0x2e CMakeFiles/FOC_test.elf.dir/Core/Src/tim.c.obj
 .ARM.attributes
                0x00000246       0x2e CMakeFiles/FOC_test.elf.dir/Core/Src/usart.c.obj
 .ARM.attributes
                0x00000274       0x21 CMakeFiles/FOC_test.elf.dir/Core/Startup/startup_stm32g431cbtx.s.obj
 .ARM.attributes
                0x00000295       0x2e CMakeFiles/FOC_test.elf.dir/Drivers/STM32G4xx_HAL_Driver/Src/stm32g4xx_hal.c.obj
 .ARM.attributes
                0x000002c3       0x2e CMakeFiles/FOC_test.elf.dir/Drivers/STM32G4xx_HAL_Driver/Src/stm32g4xx_hal_adc.c.obj
 .ARM.attributes
                0x000002f1       0x2e CMakeFiles/FOC_test.elf.dir/Drivers/STM32G4xx_HAL_Driver/Src/stm32g4xx_hal_adc_ex.c.obj
 .ARM.attributes
                0x0000031f       0x2e CMakeFiles/FOC_test.elf.dir/Drivers/STM32G4xx_HAL_Driver/Src/stm32g4xx_hal_cortex.c.obj
 .ARM.attributes
                0x0000034d       0x2e CMakeFiles/FOC_test.elf.dir/Drivers/STM32G4xx_HAL_Driver/Src/stm32g4xx_hal_dma.c.obj
 .ARM.attributes
                0x0000037b       0x2e CMakeFiles/FOC_test.elf.dir/Drivers/STM32G4xx_HAL_Driver/Src/stm32g4xx_hal_gpio.c.obj
 .ARM.attributes
                0x000003a9       0x2e CMakeFiles/FOC_test.elf.dir/Drivers/STM32G4xx_HAL_Driver/Src/stm32g4xx_hal_i2c.c.obj
 .ARM.attributes
                0x000003d7       0x2e CMakeFiles/FOC_test.elf.dir/Drivers/STM32G4xx_HAL_Driver/Src/stm32g4xx_hal_i2c_ex.c.obj
 .ARM.attributes
                0x00000405       0x2e CMakeFiles/FOC_test.elf.dir/Drivers/STM32G4xx_HAL_Driver/Src/stm32g4xx_hal_pcd.c.obj
 .ARM.attributes
                0x00000433       0x2e CMakeFiles/FOC_test.elf.dir/Drivers/STM32G4xx_HAL_Driver/Src/stm32g4xx_hal_pcd_ex.c.obj
 .ARM.attributes
                0x00000461       0x2e CMakeFiles/FOC_test.elf.dir/Drivers/STM32G4xx_HAL_Driver/Src/stm32g4xx_hal_pwr_ex.c.obj
 .ARM.attributes
                0x0000048f       0x2e CMakeFiles/FOC_test.elf.dir/Drivers/STM32G4xx_HAL_Driver/Src/stm32g4xx_hal_rcc.c.obj
 .ARM.attributes
                0x000004bd       0x2e CMakeFiles/FOC_test.elf.dir/Drivers/STM32G4xx_HAL_Driver/Src/stm32g4xx_hal_rcc_ex.c.obj
 .ARM.attributes
                0x000004eb       0x2e CMakeFiles/FOC_test.elf.dir/Drivers/STM32G4xx_HAL_Driver/Src/stm32g4xx_hal_tim.c.obj
 .ARM.attributes
                0x00000519       0x2e CMakeFiles/FOC_test.elf.dir/Drivers/STM32G4xx_HAL_Driver/Src/stm32g4xx_hal_tim_ex.c.obj
 .ARM.attributes
                0x00000547       0x2e CMakeFiles/FOC_test.elf.dir/Drivers/STM32G4xx_HAL_Driver/Src/stm32g4xx_hal_uart.c.obj
 .ARM.attributes
                0x00000575       0x2e CMakeFiles/FOC_test.elf.dir/Drivers/STM32G4xx_HAL_Driver/Src/stm32g4xx_hal_uart_ex.c.obj
 .ARM.attributes
                0x000005a3       0x2e CMakeFiles/FOC_test.elf.dir/Drivers/STM32G4xx_HAL_Driver/Src/stm32g4xx_ll_usb.c.obj
 .ARM.attributes
                0x000005d1       0x2e CMakeFiles/FOC_test.elf.dir/Middlewares/ST/STM32_USB_Device_Library/Class/CDC/Src/usbd_cdc.c.obj
 .ARM.attributes
                0x000005ff       0x2e CMakeFiles/FOC_test.elf.dir/Middlewares/ST/STM32_USB_Device_Library/Core/Src/usbd_core.c.obj
 .ARM.attributes
                0x0000062d       0x2e CMakeFiles/FOC_test.elf.dir/Middlewares/ST/STM32_USB_Device_Library/Core/Src/usbd_ctlreq.c.obj
 .ARM.attributes
                0x0000065b       0x2e CMakeFiles/FOC_test.elf.dir/Middlewares/ST/STM32_USB_Device_Library/Core/Src/usbd_ioreq.c.obj
 .ARM.attributes
                0x00000689       0x2e CMakeFiles/FOC_test.elf.dir/USB_Device/App/usb_device.c.obj
 .ARM.attributes
                0x000006b7       0x2e CMakeFiles/FOC_test.elf.dir/USB_Device/App/usbd_cdc_if.c.obj
 .ARM.attributes
                0x000006e5       0x2e CMakeFiles/FOC_test.elf.dir/USB_Device/App/usbd_desc.c.obj
 .ARM.attributes
                0x00000713       0x2e CMakeFiles/FOC_test.elf.dir/USB_Device/Target/usbd_conf.c.obj
 .ARM.attributes
                0x00000741       0x1e e:/myinstall/arm-none-eabi/bin/../lib/gcc/arm-none-eabi/10.3.1/thumb/v7e-m/nofp\libgcc.a(_arm_addsubdf3.o)
 .ARM.attributes
                0x0000075f       0x1e e:/myinstall/arm-none-eabi/bin/../lib/gcc/arm-none-eabi/10.3.1/thumb/v7e-m/nofp\libgcc.a(_arm_muldivdf3.o)
 .ARM.attributes
                0x0000077d       0x1e e:/myinstall/arm-none-eabi/bin/../lib/gcc/arm-none-eabi/10.3.1/thumb/v7e-m/nofp\libgcc.a(_arm_cmpdf2.o)
 .ARM.attributes
                0x0000079b       0x1e e:/myinstall/arm-none-eabi/bin/../lib/gcc/arm-none-eabi/10.3.1/thumb/v7e-m/nofp\libgcc.a(_arm_fixdfsi.o)
 .ARM.attributes
                0x000007b9       0x1e e:/myinstall/arm-none-eabi/bin/../lib/gcc/arm-none-eabi/10.3.1/thumb/v7e-m/nofp\libgcc.a(_arm_fixunsdfsi.o)
 .ARM.attributes
                0x000007d7       0x1e e:/myinstall/arm-none-eabi/bin/../lib/gcc/arm-none-eabi/10.3.1/thumb/v7e-m/nofp\libgcc.a(_arm_truncdfsf2.o)
 .ARM.attributes
                0x000007f5       0x1e e:/myinstall/arm-none-eabi/bin/../lib/gcc/arm-none-eabi/10.3.1/thumb/v7e-m/nofp\libgcc.a(_arm_addsubsf3.o)
 .ARM.attributes
                0x00000813       0x1e e:/myinstall/arm-none-eabi/bin/../lib/gcc/arm-none-eabi/10.3.1/thumb/v7e-m/nofp\libgcc.a(_arm_muldivsf3.o)
 .ARM.attributes
                0x00000831       0x1e e:/myinstall/arm-none-eabi/bin/../lib/gcc/arm-none-eabi/10.3.1/thumb/v7e-m/nofp\libgcc.a(_arm_cmpsf2.o)
 .ARM.attributes
                0x0000084f       0x1e e:/myinstall/arm-none-eabi/bin/../lib/gcc/arm-none-eabi/10.3.1/thumb/v7e-m/nofp\libgcc.a(_arm_fixunssfsi.o)
 .ARM.attributes
                0x0000086d       0x1e e:/myinstall/arm-none-eabi/bin/../lib/gcc/arm-none-eabi/10.3.1/thumb/v7e-m/nofp\libgcc.a(_aeabi_uldivmod.o)
 .ARM.attributes
                0x0000088b       0x2e e:/myinstall/arm-none-eabi/bin/../lib/gcc/arm-none-eabi/10.3.1/thumb/v7e-m/nofp\libgcc.a(_udivmoddi4.o)
 .ARM.attributes
                0x000008b9       0x1e e:/myinstall/arm-none-eabi/bin/../lib/gcc/arm-none-eabi/10.3.1/thumb/v7e-m/nofp\libgcc.a(_dvmd_tls.o)
 .ARM.attributes
                0x000008d7       0x2e e:/myinstall/arm-none-eabi/bin/../lib/gcc/arm-none-eabi/10.3.1/../../../../arm-none-eabi/lib/thumb/v7e-m/nofp\libg.a(lib_a-errno.o)
 .ARM.attributes
                0x00000905       0x2e e:/myinstall/arm-none-eabi/bin/../lib/gcc/arm-none-eabi/10.3.1/../../../../arm-none-eabi/lib/thumb/v7e-m/nofp\libg.a(lib_a-impure.o)
 .ARM.attributes
                0x00000933       0x2e e:/myinstall/arm-none-eabi/bin/../lib/gcc/arm-none-eabi/10.3.1/../../../../arm-none-eabi/lib/thumb/v7e-m/nofp\libg.a(lib_a-init.o)
 .ARM.attributes
                0x00000961       0x2e e:/myinstall/arm-none-eabi/bin/../lib/gcc/arm-none-eabi/10.3.1/../../../../arm-none-eabi/lib/thumb/v7e-m/nofp\libg.a(lib_a-memset.o)
 .ARM.attributes
                0x0000098f       0x2e e:/myinstall/arm-none-eabi/bin/../lib/gcc/arm-none-eabi/10.3.1/../../../../arm-none-eabi/lib/thumb/v7e-m/nofp\libg.a(lib_a-strcpy.o)
 .ARM.attributes
                0x000009bd       0x2e e:/myinstall/arm-none-eabi/bin/../lib/gcc/arm-none-eabi/10.3.1/../../../../arm-none-eabi/lib/thumb/v7e-m/nofp\libg.a(lib_a-__call_atexit.o)
 .ARM.attributes
                0x000009eb       0x2e e:/myinstall/arm-none-eabi/bin/../lib/gcc/arm-none-eabi/10.3.1/../../../../arm-none-eabi/lib/thumb/v7e-m/nofp\libg.a(lib_a-atexit.o)
 .ARM.attributes
                0x00000a19       0x2e e:/myinstall/arm-none-eabi/bin/../lib/gcc/arm-none-eabi/10.3.1/../../../../arm-none-eabi/lib/thumb/v7e-m/nofp\libg.a(lib_a-fini.o)
 .ARM.attributes
                0x00000a47       0x2e e:/myinstall/arm-none-eabi/bin/../lib/gcc/arm-none-eabi/10.3.1/../../../../arm-none-eabi/lib/thumb/v7e-m/nofp\libg.a(lib_a-lock.o)
 .ARM.attributes
                0x00000a75       0x2e e:/myinstall/arm-none-eabi/bin/../lib/gcc/arm-none-eabi/10.3.1/../../../../arm-none-eabi/lib/thumb/v7e-m/nofp\libg.a(lib_a-__atexit.o)
 .ARM.attributes
                0x00000aa3       0x1e e:/myinstall/arm-none-eabi/bin/../lib/gcc/arm-none-eabi/10.3.1/thumb/v7e-m/nofp/crtn.o
OUTPUT(FOC_test.elf elf32-littlearm)
LOAD linker stubs
LOAD e:/myinstall/arm-none-eabi/bin/../lib/gcc/arm-none-eabi/10.3.1/../../../../arm-none-eabi/lib/thumb/v7e-m/nofp\libc.a
LOAD e:/myinstall/arm-none-eabi/bin/../lib/gcc/arm-none-eabi/10.3.1/../../../../arm-none-eabi/lib/thumb/v7e-m/nofp\libm.a
LOAD e:/myinstall/arm-none-eabi/bin/../lib/gcc/arm-none-eabi/10.3.1/thumb/v7e-m/nofp\libgcc.a

.debug_info     0x00000000    0x3220b
 .debug_info    0x00000000     0x1098 CMakeFiles/FOC_test.elf.dir/Core/Src/BLDCMotor.c.obj
 .debug_info    0x00001098      0x302 CMakeFiles/FOC_test.elf.dir/Core/Src/FOCMotor.c.obj
 .debug_info    0x0000139a     0x1139 CMakeFiles/FOC_test.elf.dir/Core/Src/adc.c.obj
 .debug_info    0x000024d3      0x4a5 CMakeFiles/FOC_test.elf.dir/Core/Src/foc_utils.c.obj
 .debug_info    0x00002978      0x547 CMakeFiles/FOC_test.elf.dir/Core/Src/gpio.c.obj
 .debug_info    0x00002ebf      0xdfc CMakeFiles/FOC_test.elf.dir/Core/Src/i2c.c.obj
 .debug_info    0x00003cbb     0x166f CMakeFiles/FOC_test.elf.dir/Core/Src/main.c.obj
 .debug_info    0x0000532a      0x345 CMakeFiles/FOC_test.elf.dir/Core/Src/stm32g4xx_hal_msp.c.obj
 .debug_info    0x0000566f      0xe78 CMakeFiles/FOC_test.elf.dir/Core/Src/stm32g4xx_it.c.obj
 .debug_info    0x000064e7      0x3f9 CMakeFiles/FOC_test.elf.dir/Core/Src/system_stm32g4xx.c.obj
 .debug_info    0x000068e0     0x10bc CMakeFiles/FOC_test.elf.dir/Core/Src/tim.c.obj
 .debug_info    0x0000799c     0x10b4 CMakeFiles/FOC_test.elf.dir/Core/Src/usart.c.obj
 .debug_info    0x00008a50       0x22 CMakeFiles/FOC_test.elf.dir/Core/Startup/startup_stm32g431cbtx.s.obj
 .debug_info    0x00008a72      0xb73 CMakeFiles/FOC_test.elf.dir/Drivers/STM32G4xx_HAL_Driver/Src/stm32g4xx_hal.c.obj
 .debug_info    0x000095e5     0x3722 CMakeFiles/FOC_test.elf.dir/Drivers/STM32G4xx_HAL_Driver/Src/stm32g4xx_hal_adc.c.obj
 .debug_info    0x0000cd07     0x2fa8 CMakeFiles/FOC_test.elf.dir/Drivers/STM32G4xx_HAL_Driver/Src/stm32g4xx_hal_adc_ex.c.obj
 .debug_info    0x0000fcaf     0x1041 CMakeFiles/FOC_test.elf.dir/Drivers/STM32G4xx_HAL_Driver/Src/stm32g4xx_hal_cortex.c.obj
 .debug_info    0x00010cf0      0xa56 CMakeFiles/FOC_test.elf.dir/Drivers/STM32G4xx_HAL_Driver/Src/stm32g4xx_hal_dma.c.obj
 .debug_info    0x00011746      0x865 CMakeFiles/FOC_test.elf.dir/Drivers/STM32G4xx_HAL_Driver/Src/stm32g4xx_hal_gpio.c.obj
 .debug_info    0x00011fab     0x416e CMakeFiles/FOC_test.elf.dir/Drivers/STM32G4xx_HAL_Driver/Src/stm32g4xx_hal_i2c.c.obj
 .debug_info    0x00016119      0xb7e CMakeFiles/FOC_test.elf.dir/Drivers/STM32G4xx_HAL_Driver/Src/stm32g4xx_hal_i2c_ex.c.obj
 .debug_info    0x00016c97     0x1af3 CMakeFiles/FOC_test.elf.dir/Drivers/STM32G4xx_HAL_Driver/Src/stm32g4xx_hal_pcd.c.obj
 .debug_info    0x0001878a      0x9f3 CMakeFiles/FOC_test.elf.dir/Drivers/STM32G4xx_HAL_Driver/Src/stm32g4xx_hal_pcd_ex.c.obj
 .debug_info    0x0001917d      0xa07 CMakeFiles/FOC_test.elf.dir/Drivers/STM32G4xx_HAL_Driver/Src/stm32g4xx_hal_pwr_ex.c.obj
 .debug_info    0x00019b84      0xe96 CMakeFiles/FOC_test.elf.dir/Drivers/STM32G4xx_HAL_Driver/Src/stm32g4xx_hal_rcc.c.obj
 .debug_info    0x0001aa1a      0xecf CMakeFiles/FOC_test.elf.dir/Drivers/STM32G4xx_HAL_Driver/Src/stm32g4xx_hal_rcc_ex.c.obj
 .debug_info    0x0001b8e9     0x40a4 CMakeFiles/FOC_test.elf.dir/Drivers/STM32G4xx_HAL_Driver/Src/stm32g4xx_hal_tim.c.obj
 .debug_info    0x0001f98d     0x250e CMakeFiles/FOC_test.elf.dir/Drivers/STM32G4xx_HAL_Driver/Src/stm32g4xx_hal_tim_ex.c.obj
 .debug_info    0x00021e9b     0x61e5 CMakeFiles/FOC_test.elf.dir/Drivers/STM32G4xx_HAL_Driver/Src/stm32g4xx_hal_uart.c.obj
 .debug_info    0x00028080     0x1234 CMakeFiles/FOC_test.elf.dir/Drivers/STM32G4xx_HAL_Driver/Src/stm32g4xx_hal_uart_ex.c.obj
 .debug_info    0x000292b4     0x19b5 CMakeFiles/FOC_test.elf.dir/Drivers/STM32G4xx_HAL_Driver/Src/stm32g4xx_ll_usb.c.obj
 .debug_info    0x0002ac69     0x1467 CMakeFiles/FOC_test.elf.dir/Middlewares/ST/STM32_USB_Device_Library/Class/CDC/Src/usbd_cdc.c.obj
 .debug_info    0x0002c0d0      0xe47 CMakeFiles/FOC_test.elf.dir/Middlewares/ST/STM32_USB_Device_Library/Core/Src/usbd_core.c.obj
 .debug_info    0x0002cf17     0x1324 CMakeFiles/FOC_test.elf.dir/Middlewares/ST/STM32_USB_Device_Library/Core/Src/usbd_ctlreq.c.obj
 .debug_info    0x0002e23b      0x87f CMakeFiles/FOC_test.elf.dir/Middlewares/ST/STM32_USB_Device_Library/Core/Src/usbd_ioreq.c.obj
 .debug_info    0x0002eaba      0x755 CMakeFiles/FOC_test.elf.dir/USB_Device/App/usb_device.c.obj
 .debug_info    0x0002f20f      0x99c CMakeFiles/FOC_test.elf.dir/USB_Device/App/usbd_cdc_if.c.obj